OpenJDK 64-Bit Server VM (25.151-b12) for linux-amd64 JRE (1.8.0_151-8u151-b12-0ubuntu0.16.04.2-b12), built on Oct 27 2017 21:59:02 by "buildd" with gcc 5.4.0 20160609
Memory: 4k page, physical 2048268k(1168684k free), swap 1048572k(1048572k free)
CommandLine flags: -XX:CMSInitiatingOccupancyFraction=50 -XX:CMSMaxAbortablePrecleanTime=6000 -XX:+CMSParallelRemarkEnabled -XX:+CMSScavengeBeforeRemark -XX:ConcGCThreads=4 -XX:GCLogFileSize=20971520 -XX:InitialHeapSize=536870912 -XX:MaxHeapSize=536870912 -XX:MaxTenuringThreshold=8 -XX:NewRatio=3 -XX:NumberOfGCLogFiles=9 -XX:OldPLABSize=16 -XX:-OmitStackTraceInFastThrow -XX:OnOutOfMemoryError=/home/vagrant/Django/LangSchool/LangSchool/solr-7.2.1/bin/oom_solr.sh 8983 /home/vagrant/Django/LangSchool/LangSchool/solr-7.2.1/example/example-DIH/solr/../logs -XX:ParallelGCThreads=4 -XX:+ParallelRefProcEnabled -XX:PretenureSizeThreshold=67108864 -XX:+PrintGC -XX:+PrintGCApplicationStoppedTime -XX:+PrintGCDateStamps -XX:+PrintGCDetails -XX:+PrintGCTimeStamps -XX:+PrintHeapAtGC -XX:+PrintTenuringDistribution -XX:SurvivorRatio=4 -XX:TargetSurvivorRatio=90 -XX:ThreadStackSize=256 -XX:+UseCMSInitiatingOccupancyOnly -XX:+UseCompressedClassPointers -XX:+UseCompressedOops -XX:+UseConcMarkSweepGC -XX:+UseGCLogFileRotation -XX:+UseParNewGC 
2018-03-06T17:17:14.570+0000: 1.204: Total time for which application threads were stopped: 0.0002126 seconds, Stopping threads took: 0.0000751 seconds
2018-03-06T17:17:14.799+0000: 1.433: Total time for which application threads were stopped: 0.0004577 seconds, Stopping threads took: 0.0001388 seconds
2018-03-06T17:17:15.800+0000: 2.433: Total time for which application threads were stopped: 0.0002876 seconds, Stopping threads took: 0.0000977 seconds
2018-03-06T17:17:16.590+0000: 3.224: Total time for which application threads were stopped: 0.0003899 seconds, Stopping threads took: 0.0001113 seconds
2018-03-06T17:17:16.870+0000: 3.504: Total time for which application threads were stopped: 0.0003854 seconds, Stopping threads took: 0.0001372 seconds
2018-03-06T17:17:17.872+0000: 4.506: Total time for which application threads were stopped: 0.0015111 seconds, Stopping threads took: 0.0012754 seconds
2018-03-06T17:17:17.928+0000: 4.562: Total time for which application threads were stopped: 0.0051555 seconds, Stopping threads took: 0.0047264 seconds
2018-03-06T17:17:18.920+0000: 5.553: Total time for which application threads were stopped: 0.0004644 seconds, Stopping threads took: 0.0001194 seconds
2018-03-06T17:17:19.921+0000: 6.554: Total time for which application threads were stopped: 0.0004171 seconds, Stopping threads took: 0.0002559 seconds
2018-03-06T17:17:20.922+0000: 7.556: Total time for which application threads were stopped: 0.0003113 seconds, Stopping threads took: 0.0001040 seconds
2018-03-06T17:17:21.443+0000: 8.076: Total time for which application threads were stopped: 0.0010070 seconds, Stopping threads took: 0.0005253 seconds
2018-03-06T17:17:21.445+0000: 8.078: Total time for which application threads were stopped: 0.0003558 seconds, Stopping threads took: 0.0001200 seconds
2018-03-06T17:17:21.460+0000: 8.094: Total time for which application threads were stopped: 0.0072220 seconds, Stopping threads took: 0.0067128 seconds
2018-03-06T17:17:21.528+0000: 8.161: Total time for which application threads were stopped: 0.0004634 seconds, Stopping threads took: 0.0001127 seconds
2018-03-06T17:17:21.585+0000: 8.218: Total time for which application threads were stopped: 0.0028562 seconds, Stopping threads took: 0.0025578 seconds
2018-03-06T17:17:21.585+0000: 8.219: Total time for which application threads were stopped: 0.0002961 seconds, Stopping threads took: 0.0000323 seconds
2018-03-06T17:17:21.586+0000: 8.220: Total time for which application threads were stopped: 0.0002188 seconds, Stopping threads took: 0.0000277 seconds
2018-03-06T17:17:22.589+0000: 9.222: Total time for which application threads were stopped: 0.0003893 seconds, Stopping threads took: 0.0001692 seconds
2018-03-06T17:17:23.260+0000: 9.893: Total time for which application threads were stopped: 0.0007216 seconds, Stopping threads took: 0.0001545 seconds
2018-03-06T17:17:23.436+0000: 10.070: Total time for which application threads were stopped: 0.0006487 seconds, Stopping threads took: 0.0001534 seconds
2018-03-06T17:17:24.437+0000: 11.071: Total time for which application threads were stopped: 0.0002907 seconds, Stopping threads took: 0.0001083 seconds
2018-03-06T17:17:27.438+0000: 14.072: Total time for which application threads were stopped: 0.0002857 seconds, Stopping threads took: 0.0000906 seconds
2018-03-06T17:17:28.439+0000: 15.072: Total time for which application threads were stopped: 0.0002812 seconds, Stopping threads took: 0.0000855 seconds
2018-03-06T17:17:29.440+0000: 16.074: Total time for which application threads were stopped: 0.0014049 seconds, Stopping threads took: 0.0011645 seconds
2018-03-06T17:17:30.441+0000: 17.075: Total time for which application threads were stopped: 0.0003105 seconds, Stopping threads took: 0.0000838 seconds
2018-03-06T17:17:31.442+0000: 18.075: Total time for which application threads were stopped: 0.0003821 seconds, Stopping threads took: 0.0000723 seconds
2018-03-06T17:17:32.442+0000: 19.076: Total time for which application threads were stopped: 0.0003306 seconds, Stopping threads took: 0.0001725 seconds
2018-03-06T17:17:33.443+0000: 20.077: Total time for which application threads were stopped: 0.0003038 seconds, Stopping threads took: 0.0000829 seconds
2018-03-06T17:17:34.444+0000: 21.077: Total time for which application threads were stopped: 0.0003486 seconds, Stopping threads took: 0.0001765 seconds
2018-03-06T17:17:35.444+0000: 22.078: Total time for which application threads were stopped: 0.0003202 seconds, Stopping threads took: 0.0000932 seconds
2018-03-06T17:17:35.634+0000: 22.268: Total time for which application threads were stopped: 0.0008727 seconds, Stopping threads took: 0.0003045 seconds
2018-03-06T17:17:35.909+0000: 22.543: Total time for which application threads were stopped: 0.0009124 seconds, Stopping threads took: 0.0001809 seconds
2018-03-06T17:17:36.477+0000: 23.111: Total time for which application threads were stopped: 0.0008021 seconds, Stopping threads took: 0.0001684 seconds
2018-03-06T17:17:36.889+0000: 23.522: Total time for which application threads were stopped: 0.0003436 seconds, Stopping threads took: 0.0001307 seconds
2018-03-06T17:17:37.865+0000: 24.498: Total time for which application threads were stopped: 0.0008611 seconds, Stopping threads took: 0.0001453 seconds
2018-03-06T17:17:38.055+0000: 24.688: Total time for which application threads were stopped: 0.0008277 seconds, Stopping threads took: 0.0000986 seconds
2018-03-06T17:17:38.337+0000: 24.971: Total time for which application threads were stopped: 0.0007088 seconds, Stopping threads took: 0.0001119 seconds
2018-03-06T17:17:38.342+0000: 24.975: Total time for which application threads were stopped: 0.0007568 seconds, Stopping threads took: 0.0001024 seconds
2018-03-06T17:17:38.395+0000: 25.028: Total time for which application threads were stopped: 0.0006672 seconds, Stopping threads took: 0.0000823 seconds
2018-03-06T17:17:39.398+0000: 26.032: Total time for which application threads were stopped: 0.0030755 seconds, Stopping threads took: 0.0027914 seconds
{Heap before GC invocations=0 (full 0):
 par new generation   total 109248K, used 87424K [0x00000000e0000000, 0x00000000e8000000, 0x00000000e8000000)
  eden space 87424K, 100% used [0x00000000e0000000, 0x00000000e5560000, 0x00000000e5560000)
  from space 21824K,   0% used [0x00000000e5560000, 0x00000000e5560000, 0x00000000e6ab0000)
  to   space 21824K,   0% used [0x00000000e6ab0000, 0x00000000e6ab0000, 0x00000000e8000000)
 concurrent mark-sweep generation total 393216K, used 0K [0x00000000e8000000, 0x0000000100000000, 0x0000000100000000)
 Metaspace       used 18123K, capacity 18420K, committed 18688K, reserved 1064960K
  class space    used 2041K, capacity 2198K, committed 2304K, reserved 1048576K
2018-03-06T17:17:39.767+0000: 26.400: [GC (Allocation Failure) 2018-03-06T17:17:39.768+0000: 26.402: [ParNew
Desired survivor size 20112992 bytes, new threshold 8 (max 8)
- age   1:   11847424 bytes,   11847424 total
: 87424K->11676K(109248K), 0.1382925 secs] 87424K->11676K(502464K), 0.1403637 secs] [Times: user=0.10 sys=0.02, real=0.14 secs] 
Heap after GC invocations=1 (full 0):
 par new generation   total 109248K, used 11676K [0x00000000e0000000, 0x00000000e8000000, 0x00000000e8000000)
  eden space 87424K,   0% used [0x00000000e0000000, 0x00000000e0000000, 0x00000000e5560000)
  from space 21824K,  53% used [0x00000000e6ab0000, 0x00000000e76170a0, 0x00000000e8000000)
  to   space 21824K,   0% used [0x00000000e5560000, 0x00000000e5560000, 0x00000000e6ab0000)
 concurrent mark-sweep generation total 393216K, used 0K [0x00000000e8000000, 0x0000000100000000, 0x0000000100000000)
 Metaspace       used 18123K, capacity 18420K, committed 18688K, reserved 1064960K
  class space    used 2041K, capacity 2198K, committed 2304K, reserved 1048576K
}
2018-03-06T17:17:39.908+0000: 26.542: Total time for which application threads were stopped: 0.1422191 seconds, Stopping threads took: 0.0001387 seconds
2018-03-06T17:17:39.918+0000: 26.552: Total time for which application threads were stopped: 0.0004542 seconds, Stopping threads took: 0.0001347 seconds
2018-03-06T17:17:39.949+0000: 26.583: Total time for which application threads were stopped: 0.0005351 seconds, Stopping threads took: 0.0001852 seconds
2018-03-06T17:17:39.962+0000: 26.596: Total time for which application threads were stopped: 0.0042934 seconds, Stopping threads took: 0.0039446 seconds
2018-03-06T17:17:39.966+0000: 26.600: Total time for which application threads were stopped: 0.0005240 seconds, Stopping threads took: 0.0000572 seconds
2018-03-06T17:17:39.967+0000: 26.600: Total time for which application threads were stopped: 0.0003047 seconds, Stopping threads took: 0.0000304 seconds
2018-03-06T17:17:39.968+0000: 26.601: Total time for which application threads were stopped: 0.0003084 seconds, Stopping threads took: 0.0000289 seconds
2018-03-06T17:17:39.968+0000: 26.602: Total time for which application threads were stopped: 0.0003528 seconds, Stopping threads took: 0.0000269 seconds
2018-03-06T17:17:39.969+0000: 26.602: Total time for which application threads were stopped: 0.0002787 seconds, Stopping threads took: 0.0000263 seconds
2018-03-06T17:17:39.970+0000: 26.603: Total time for which application threads were stopped: 0.0003112 seconds, Stopping threads took: 0.0000462 seconds
2018-03-06T17:17:39.979+0000: 26.612: Total time for which application threads were stopped: 0.0008357 seconds, Stopping threads took: 0.0003489 seconds
2018-03-06T17:17:39.979+0000: 26.613: Total time for which application threads were stopped: 0.0003610 seconds, Stopping threads took: 0.0000384 seconds
2018-03-06T17:17:39.982+0000: 26.615: Total time for which application threads were stopped: 0.0005977 seconds, Stopping threads took: 0.0000516 seconds
2018-03-06T17:17:39.982+0000: 26.616: Total time for which application threads were stopped: 0.0003027 seconds, Stopping threads took: 0.0000548 seconds
2018-03-06T17:17:39.983+0000: 26.616: Total time for which application threads were stopped: 0.0002629 seconds, Stopping threads took: 0.0000252 seconds
2018-03-06T17:17:39.984+0000: 26.617: Total time for which application threads were stopped: 0.0005203 seconds, Stopping threads took: 0.0000349 seconds
2018-03-06T17:17:39.990+0000: 26.624: Total time for which application threads were stopped: 0.0003765 seconds, Stopping threads took: 0.0000528 seconds
2018-03-06T17:17:39.991+0000: 26.625: Total time for which application threads were stopped: 0.0002664 seconds, Stopping threads took: 0.0000510 seconds
2018-03-06T17:17:39.994+0000: 26.628: Total time for which application threads were stopped: 0.0003420 seconds, Stopping threads took: 0.0000384 seconds
2018-03-06T17:17:39.996+0000: 26.630: Total time for which application threads were stopped: 0.0006060 seconds, Stopping threads took: 0.0000884 seconds
2018-03-06T17:17:39.997+0000: 26.631: Total time for which application threads were stopped: 0.0002932 seconds, Stopping threads took: 0.0000297 seconds
2018-03-06T17:17:39.997+0000: 26.631: Total time for which application threads were stopped: 0.0002479 seconds, Stopping threads took: 0.0000230 seconds
2018-03-06T17:17:39.998+0000: 26.633: Total time for which application threads were stopped: 0.0017811 seconds, Stopping threads took: 0.0000434 seconds
2018-03-06T17:17:40.002+0000: 26.636: Total time for which application threads were stopped: 0.0006121 seconds, Stopping threads took: 0.0000553 seconds
2018-03-06T17:17:40.005+0000: 26.638: Total time for which application threads were stopped: 0.0004182 seconds, Stopping threads took: 0.0000676 seconds
2018-03-06T17:17:40.014+0000: 26.647: Total time for which application threads were stopped: 0.0005052 seconds, Stopping threads took: 0.0000986 seconds
2018-03-06T17:17:40.015+0000: 26.648: Total time for which application threads were stopped: 0.0003084 seconds, Stopping threads took: 0.0000701 seconds
2018-03-06T17:17:40.019+0000: 26.652: Total time for which application threads were stopped: 0.0003564 seconds, Stopping threads took: 0.0000501 seconds
2018-03-06T17:17:40.019+0000: 26.653: Total time for which application threads were stopped: 0.0002150 seconds, Stopping threads took: 0.0000246 seconds
2018-03-06T17:17:40.944+0000: 27.578: Total time for which application threads were stopped: 0.0007723 seconds, Stopping threads took: 0.0001828 seconds
2018-03-06T17:17:41.234+0000: 27.868: Total time for which application threads were stopped: 0.0004671 seconds, Stopping threads took: 0.0001382 seconds
2018-03-06T17:17:41.238+0000: 27.872: Total time for which application threads were stopped: 0.0009302 seconds, Stopping threads took: 0.0002418 seconds
2018-03-06T17:17:42.240+0000: 28.873: Total time for which application threads were stopped: 0.0009541 seconds, Stopping threads took: 0.0006385 seconds
2018-03-06T17:17:43.187+0000: 29.820: Total time for which application threads were stopped: 0.0025778 seconds, Stopping threads took: 0.0022025 seconds
2018-03-06T17:17:43.193+0000: 29.826: Total time for which application threads were stopped: 0.0008914 seconds, Stopping threads took: 0.0005457 seconds
2018-03-06T17:17:43.205+0000: 29.838: Total time for which application threads were stopped: 0.0020463 seconds, Stopping threads took: 0.0015622 seconds
2018-03-06T17:17:43.206+0000: 29.839: Total time for which application threads were stopped: 0.0005111 seconds, Stopping threads took: 0.0000346 seconds
2018-03-06T17:17:43.212+0000: 29.845: Total time for which application threads were stopped: 0.0004983 seconds, Stopping threads took: 0.0000725 seconds
2018-03-06T17:17:43.213+0000: 29.847: Total time for which application threads were stopped: 0.0004121 seconds, Stopping threads took: 0.0000572 seconds
2018-03-06T17:17:43.222+0000: 29.855: Total time for which application threads were stopped: 0.0005576 seconds, Stopping threads took: 0.0000875 seconds
2018-03-06T17:17:43.222+0000: 29.856: Total time for which application threads were stopped: 0.0003849 seconds, Stopping threads took: 0.0000315 seconds
2018-03-06T17:17:43.224+0000: 29.857: Total time for which application threads were stopped: 0.0004226 seconds, Stopping threads took: 0.0000615 seconds
2018-03-06T17:17:43.225+0000: 29.859: Total time for which application threads were stopped: 0.0004484 seconds, Stopping threads took: 0.0000702 seconds
2018-03-06T17:17:43.232+0000: 29.865: Total time for which application threads were stopped: 0.0037260 seconds, Stopping threads took: 0.0033735 seconds
2018-03-06T17:17:43.243+0000: 29.877: Total time for which application threads were stopped: 0.0025319 seconds, Stopping threads took: 0.0020828 seconds
2018-03-06T17:17:43.244+0000: 29.878: Total time for which application threads were stopped: 0.0004480 seconds, Stopping threads took: 0.0000542 seconds
2018-03-06T17:17:43.262+0000: 29.896: Total time for which application threads were stopped: 0.0042021 seconds, Stopping threads took: 0.0038649 seconds
2018-03-06T17:17:43.263+0000: 29.896: Total time for which application threads were stopped: 0.0002450 seconds, Stopping threads took: 0.0000320 seconds
2018-03-06T17:17:43.263+0000: 29.896: Total time for which application threads were stopped: 0.0002180 seconds, Stopping threads took: 0.0000239 seconds
2018-03-06T17:17:43.276+0000: 29.910: Total time for which application threads were stopped: 0.0060601 seconds, Stopping threads took: 0.0057506 seconds
2018-03-06T17:17:43.277+0000: 29.910: Total time for which application threads were stopped: 0.0002130 seconds, Stopping threads took: 0.0000307 seconds
2018-03-06T17:17:43.277+0000: 29.911: Total time for which application threads were stopped: 0.0001860 seconds, Stopping threads took: 0.0000239 seconds
2018-03-06T17:17:43.277+0000: 29.911: Total time for which application threads were stopped: 0.0001959 seconds, Stopping threads took: 0.0000271 seconds
2018-03-06T17:17:43.278+0000: 29.911: Total time for which application threads were stopped: 0.0001850 seconds, Stopping threads took: 0.0000250 seconds
2018-03-06T17:17:43.278+0000: 29.912: Total time for which application threads were stopped: 0.0001990 seconds, Stopping threads took: 0.0000284 seconds
2018-03-06T17:17:43.279+0000: 29.912: Total time for which application threads were stopped: 0.0002146 seconds, Stopping threads took: 0.0000239 seconds
2018-03-06T17:17:43.279+0000: 29.913: Total time for which application threads were stopped: 0.0002056 seconds, Stopping threads took: 0.0000242 seconds
2018-03-06T17:17:43.279+0000: 29.913: Total time for which application threads were stopped: 0.0002281 seconds, Stopping threads took: 0.0000240 seconds
2018-03-06T17:17:43.282+0000: 29.916: Total time for which application threads were stopped: 0.0005299 seconds, Stopping threads took: 0.0001413 seconds
2018-03-06T17:17:43.283+0000: 29.916: Total time for which application threads were stopped: 0.0002148 seconds, Stopping threads took: 0.0000297 seconds
2018-03-06T17:17:43.286+0000: 29.919: Total time for which application threads were stopped: 0.0003792 seconds, Stopping threads took: 0.0001288 seconds
2018-03-06T17:17:43.286+0000: 29.920: Total time for which application threads were stopped: 0.0001956 seconds, Stopping threads took: 0.0000256 seconds
2018-03-06T17:17:43.288+0000: 29.922: Total time for which application threads were stopped: 0.0004231 seconds, Stopping threads took: 0.0001229 seconds
2018-03-06T17:17:43.289+0000: 29.922: Total time for which application threads were stopped: 0.0002209 seconds, Stopping threads took: 0.0000280 seconds
2018-03-06T17:17:43.294+0000: 29.928: Total time for which application threads were stopped: 0.0004243 seconds, Stopping threads took: 0.0001360 seconds
2018-03-06T17:17:43.307+0000: 29.941: Total time for which application threads were stopped: 0.0010382 seconds, Stopping threads took: 0.0003881 seconds
2018-03-06T17:17:43.308+0000: 29.941: Total time for which application threads were stopped: 0.0002469 seconds, Stopping threads took: 0.0000336 seconds
2018-03-06T17:17:43.308+0000: 29.942: Total time for which application threads were stopped: 0.0003627 seconds, Stopping threads took: 0.0000309 seconds
2018-03-06T17:17:43.309+0000: 29.942: Total time for which application threads were stopped: 0.0002091 seconds, Stopping threads took: 0.0000260 seconds
2018-03-06T17:17:43.309+0000: 29.943: Total time for which application threads were stopped: 0.0002081 seconds, Stopping threads took: 0.0000295 seconds
2018-03-06T17:17:43.315+0000: 29.948: Total time for which application threads were stopped: 0.0005009 seconds, Stopping threads took: 0.0001910 seconds
2018-03-06T17:17:43.319+0000: 29.953: Total time for which application threads were stopped: 0.0004248 seconds, Stopping threads took: 0.0000502 seconds
2018-03-06T17:17:43.322+0000: 29.956: Total time for which application threads were stopped: 0.0004163 seconds, Stopping threads took: 0.0000803 seconds
2018-03-06T17:17:43.327+0000: 29.960: Total time for which application threads were stopped: 0.0004363 seconds, Stopping threads took: 0.0000564 seconds
2018-03-06T17:17:43.329+0000: 29.963: Total time for which application threads were stopped: 0.0004936 seconds, Stopping threads took: 0.0000804 seconds
2018-03-06T17:17:43.331+0000: 29.964: Total time for which application threads were stopped: 0.0004719 seconds, Stopping threads took: 0.0000502 seconds
2018-03-06T17:17:43.335+0000: 29.968: Total time for which application threads were stopped: 0.0005092 seconds, Stopping threads took: 0.0000592 seconds
2018-03-06T17:17:43.335+0000: 29.977: Total time for which application threads were stopped: 0.0085916 seconds, Stopping threads took: 0.0000281 seconds
2018-03-06T17:17:43.345+0000: 29.979: Total time for which application threads were stopped: 0.0011956 seconds, Stopping threads took: 0.0008556 seconds
2018-03-06T17:17:43.346+0000: 29.980: Total time for which application threads were stopped: 0.0004408 seconds, Stopping threads took: 0.0000461 seconds
2018-03-06T17:17:43.347+0000: 29.981: Total time for which application threads were stopped: 0.0003566 seconds, Stopping threads took: 0.0000285 seconds
2018-03-06T17:17:43.351+0000: 29.984: Total time for which application threads were stopped: 0.0005645 seconds, Stopping threads took: 0.0001783 seconds
2018-03-06T17:17:43.363+0000: 29.997: Total time for which application threads were stopped: 0.0004692 seconds, Stopping threads took: 0.0000822 seconds
2018-03-06T17:17:43.364+0000: 29.998: Total time for which application threads were stopped: 0.0004384 seconds, Stopping threads took: 0.0000788 seconds
2018-03-06T17:17:43.365+0000: 29.999: Total time for which application threads were stopped: 0.0003955 seconds, Stopping threads took: 0.0000349 seconds
2018-03-06T17:17:43.371+0000: 30.004: Total time for which application threads were stopped: 0.0004115 seconds, Stopping threads took: 0.0000552 seconds
2018-03-06T17:17:43.377+0000: 30.010: Total time for which application threads were stopped: 0.0012926 seconds, Stopping threads took: 0.0000658 seconds
2018-03-06T17:17:43.379+0000: 30.013: Total time for which application threads were stopped: 0.0005743 seconds, Stopping threads took: 0.0002063 seconds
2018-03-06T17:17:43.387+0000: 30.020: Total time for which application threads were stopped: 0.0016376 seconds, Stopping threads took: 0.0000633 seconds
2018-03-06T17:17:43.402+0000: 30.036: Total time for which application threads were stopped: 0.0004771 seconds, Stopping threads took: 0.0000812 seconds
2018-03-06T17:17:43.408+0000: 30.041: Total time for which application threads were stopped: 0.0011442 seconds, Stopping threads took: 0.0000840 seconds
2018-03-06T17:17:43.411+0000: 30.045: Total time for which application threads were stopped: 0.0005749 seconds, Stopping threads took: 0.0000720 seconds
2018-03-06T17:17:43.423+0000: 30.057: Total time for which application threads were stopped: 0.0005882 seconds, Stopping threads took: 0.0000608 seconds
2018-03-06T17:17:43.438+0000: 30.072: Total time for which application threads were stopped: 0.0054921 seconds, Stopping threads took: 0.0000806 seconds
2018-03-06T17:17:43.441+0000: 30.074: Total time for which application threads were stopped: 0.0009446 seconds, Stopping threads took: 0.0000855 seconds
2018-03-06T17:17:43.451+0000: 30.084: Total time for which application threads were stopped: 0.0021609 seconds, Stopping threads took: 0.0000781 seconds
2018-03-06T17:17:43.459+0000: 30.093: Total time for which application threads were stopped: 0.0005458 seconds, Stopping threads took: 0.0000772 seconds
2018-03-06T17:17:43.464+0000: 30.097: Total time for which application threads were stopped: 0.0005496 seconds, Stopping threads took: 0.0000810 seconds
2018-03-06T17:17:43.471+0000: 30.105: Total time for which application threads were stopped: 0.0019320 seconds, Stopping threads took: 0.0013016 seconds
2018-03-06T17:17:43.486+0000: 30.120: Total time for which application threads were stopped: 0.0006550 seconds, Stopping threads took: 0.0002046 seconds
2018-03-06T17:17:43.513+0000: 30.146: Total time for which application threads were stopped: 0.0120194 seconds, Stopping threads took: 0.0115116 seconds
2018-03-06T17:17:43.518+0000: 30.151: Total time for which application threads were stopped: 0.0012166 seconds, Stopping threads took: 0.0001900 seconds
2018-03-06T17:17:43.534+0000: 30.168: Total time for which application threads were stopped: 0.0058509 seconds, Stopping threads took: 0.0054379 seconds
2018-03-06T17:17:43.562+0000: 30.196: Total time for which application threads were stopped: 0.0006298 seconds, Stopping threads took: 0.0001986 seconds
2018-03-06T17:17:43.615+0000: 30.249: Total time for which application threads were stopped: 0.0091548 seconds, Stopping threads took: 0.0087435 seconds
2018-03-06T17:17:43.620+0000: 30.254: Total time for which application threads were stopped: 0.0015491 seconds, Stopping threads took: 0.0000775 seconds
2018-03-06T17:17:43.659+0000: 30.293: Total time for which application threads were stopped: 0.0010117 seconds, Stopping threads took: 0.0002826 seconds
2018-03-06T17:17:43.663+0000: 30.296: Total time for which application threads were stopped: 0.0011656 seconds, Stopping threads took: 0.0001775 seconds
2018-03-06T17:17:43.723+0000: 30.357: Total time for which application threads were stopped: 0.0028263 seconds, Stopping threads took: 0.0023705 seconds
2018-03-06T17:17:43.747+0000: 30.381: Total time for which application threads were stopped: 0.0130114 seconds, Stopping threads took: 0.0125837 seconds
2018-03-06T17:17:43.756+0000: 30.390: Total time for which application threads were stopped: 0.0020527 seconds, Stopping threads took: 0.0013917 seconds
2018-03-06T17:17:43.784+0000: 30.417: Total time for which application threads were stopped: 0.0127076 seconds, Stopping threads took: 0.0122273 seconds
2018-03-06T17:17:43.801+0000: 30.435: Total time for which application threads were stopped: 0.0010631 seconds, Stopping threads took: 0.0000757 seconds
2018-03-06T17:17:43.993+0000: 30.626: Total time for which application threads were stopped: 0.0143713 seconds, Stopping threads took: 0.0139512 seconds
2018-03-06T17:17:44.099+0000: 30.732: Total time for which application threads were stopped: 0.0142450 seconds, Stopping threads took: 0.0136442 seconds
2018-03-06T17:17:44.103+0000: 30.736: Total time for which application threads were stopped: 0.0005933 seconds, Stopping threads took: 0.0002048 seconds
2018-03-06T17:17:44.103+0000: 30.737: Total time for which application threads were stopped: 0.0003760 seconds, Stopping threads took: 0.0000344 seconds
2018-03-06T17:17:44.130+0000: 30.764: Total time for which application threads were stopped: 0.0161034 seconds, Stopping threads took: 0.0156510 seconds
2018-03-06T17:17:44.173+0000: 30.807: Total time for which application threads were stopped: 0.0009089 seconds, Stopping threads took: 0.0004082 seconds
2018-03-06T17:17:44.197+0000: 30.831: Total time for which application threads were stopped: 0.0025051 seconds, Stopping threads took: 0.0020869 seconds
2018-03-06T17:17:44.199+0000: 30.833: Total time for which application threads were stopped: 0.0009535 seconds, Stopping threads took: 0.0005531 seconds
2018-03-06T17:17:44.200+0000: 30.834: Total time for which application threads were stopped: 0.0004073 seconds, Stopping threads took: 0.0000858 seconds
2018-03-06T17:17:44.375+0000: 31.008: Total time for which application threads were stopped: 0.0050274 seconds, Stopping threads took: 0.0047115 seconds
2018-03-06T17:17:44.419+0000: 31.052: Total time for which application threads were stopped: 0.0049663 seconds, Stopping threads took: 0.0045099 seconds
2018-03-06T17:17:44.427+0000: 31.060: Total time for which application threads were stopped: 0.0045901 seconds, Stopping threads took: 0.0040839 seconds
2018-03-06T17:17:44.435+0000: 31.069: Total time for which application threads were stopped: 0.0012104 seconds, Stopping threads took: 0.0007332 seconds
2018-03-06T17:17:44.442+0000: 31.076: Total time for which application threads were stopped: 0.0010223 seconds, Stopping threads took: 0.0005071 seconds
2018-03-06T17:17:44.947+0000: 31.580: Total time for which application threads were stopped: 0.0088409 seconds, Stopping threads took: 0.0082453 seconds
2018-03-06T17:17:44.980+0000: 31.614: Total time for which application threads were stopped: 0.0043398 seconds, Stopping threads took: 0.0038895 seconds
2018-03-06T17:17:44.988+0000: 31.622: Total time for which application threads were stopped: 0.0024557 seconds, Stopping threads took: 0.0015530 seconds
2018-03-06T17:17:44.989+0000: 31.623: Total time for which application threads were stopped: 0.0004105 seconds, Stopping threads took: 0.0001231 seconds
2018-03-06T17:17:44.991+0000: 31.624: Total time for which application threads were stopped: 0.0003570 seconds, Stopping threads took: 0.0000477 seconds
2018-03-06T17:17:45.016+0000: 31.650: Total time for which application threads were stopped: 0.0096001 seconds, Stopping threads took: 0.0090429 seconds
2018-03-06T17:17:45.019+0000: 31.652: Total time for which application threads were stopped: 0.0005212 seconds, Stopping threads took: 0.0002219 seconds
2018-03-06T17:17:45.019+0000: 31.653: Total time for which application threads were stopped: 0.0002956 seconds, Stopping threads took: 0.0000448 seconds
2018-03-06T17:17:45.041+0000: 31.675: Total time for which application threads were stopped: 0.0110376 seconds, Stopping threads took: 0.0107156 seconds
2018-03-06T17:17:45.067+0000: 31.701: Total time for which application threads were stopped: 0.0006167 seconds, Stopping threads took: 0.0002397 seconds
2018-03-06T17:17:45.078+0000: 31.712: Total time for which application threads were stopped: 0.0041560 seconds, Stopping threads took: 0.0037679 seconds
2018-03-06T17:17:45.091+0000: 31.725: Total time for which application threads were stopped: 0.0008583 seconds, Stopping threads took: 0.0004213 seconds
2018-03-06T17:17:45.267+0000: 31.900: Total time for which application threads were stopped: 0.0028260 seconds, Stopping threads took: 0.0024662 seconds
2018-03-06T17:17:45.268+0000: 31.901: Total time for which application threads were stopped: 0.0002512 seconds, Stopping threads took: 0.0000359 seconds
2018-03-06T17:17:45.283+0000: 31.917: Total time for which application threads were stopped: 0.0035276 seconds, Stopping threads took: 0.0031108 seconds
2018-03-06T17:17:45.295+0000: 31.929: Total time for which application threads were stopped: 0.0040014 seconds, Stopping threads took: 0.0035343 seconds
2018-03-06T17:17:45.304+0000: 31.938: Total time for which application threads were stopped: 0.0004008 seconds, Stopping threads took: 0.0000610 seconds
2018-03-06T17:17:45.310+0000: 31.944: Total time for which application threads were stopped: 0.0010738 seconds, Stopping threads took: 0.0000677 seconds
2018-03-06T17:17:45.436+0000: 32.069: Total time for which application threads were stopped: 0.0011944 seconds, Stopping threads took: 0.0008161 seconds
2018-03-06T17:17:45.770+0000: 32.404: Total time for which application threads were stopped: 0.0028250 seconds, Stopping threads took: 0.0023363 seconds
2018-03-06T17:17:45.772+0000: 32.406: Total time for which application threads were stopped: 0.0005922 seconds, Stopping threads took: 0.0001907 seconds
2018-03-06T17:17:45.773+0000: 32.407: Total time for which application threads were stopped: 0.0003411 seconds, Stopping threads took: 0.0000307 seconds
2018-03-06T17:17:45.786+0000: 32.420: Total time for which application threads were stopped: 0.0005794 seconds, Stopping threads took: 0.0001700 seconds
2018-03-06T17:17:45.787+0000: 32.421: Total time for which application threads were stopped: 0.0003598 seconds, Stopping threads took: 0.0000295 seconds
2018-03-06T17:17:45.788+0000: 32.422: Total time for which application threads were stopped: 0.0005129 seconds, Stopping threads took: 0.0000742 seconds
2018-03-06T17:17:45.791+0000: 32.425: Total time for which application threads were stopped: 0.0008346 seconds, Stopping threads took: 0.0003521 seconds
2018-03-06T17:17:45.795+0000: 32.429: Total time for which application threads were stopped: 0.0006633 seconds, Stopping threads took: 0.0002777 seconds
2018-03-06T17:17:45.799+0000: 32.433: Total time for which application threads were stopped: 0.0004778 seconds, Stopping threads took: 0.0000924 seconds
2018-03-06T17:17:45.802+0000: 32.436: Total time for which application threads were stopped: 0.0004656 seconds, Stopping threads took: 0.0000851 seconds
2018-03-06T17:17:45.808+0000: 32.442: Total time for which application threads were stopped: 0.0037614 seconds, Stopping threads took: 0.0028221 seconds
2018-03-06T17:17:45.812+0000: 32.445: Total time for which application threads were stopped: 0.0006483 seconds, Stopping threads took: 0.0000820 seconds
2018-03-06T17:17:45.830+0000: 32.465: Total time for which application threads were stopped: 0.0056002 seconds, Stopping threads took: 0.0031601 seconds
2018-03-06T17:17:45.834+0000: 32.468: Total time for which application threads were stopped: 0.0009684 seconds, Stopping threads took: 0.0005092 seconds
2018-03-06T17:17:45.835+0000: 32.468: Total time for which application threads were stopped: 0.0003534 seconds, Stopping threads took: 0.0000306 seconds
2018-03-06T17:17:45.838+0000: 32.472: Total time for which application threads were stopped: 0.0005262 seconds, Stopping threads took: 0.0000684 seconds
2018-03-06T17:17:45.846+0000: 32.480: Total time for which application threads were stopped: 0.0006647 seconds, Stopping threads took: 0.0002860 seconds
2018-03-06T17:17:45.847+0000: 32.481: Total time for which application threads were stopped: 0.0003270 seconds, Stopping threads took: 0.0000385 seconds
2018-03-06T17:17:45.850+0000: 32.484: Total time for which application threads were stopped: 0.0004884 seconds, Stopping threads took: 0.0001000 seconds
2018-03-06T17:17:45.859+0000: 32.492: Total time for which application threads were stopped: 0.0004831 seconds, Stopping threads took: 0.0000806 seconds
2018-03-06T17:17:45.859+0000: 32.493: Total time for which application threads were stopped: 0.0004857 seconds, Stopping threads took: 0.0000309 seconds
2018-03-06T17:17:45.863+0000: 32.496: Total time for which application threads were stopped: 0.0004957 seconds, Stopping threads took: 0.0000672 seconds
2018-03-06T17:17:45.867+0000: 32.500: Total time for which application threads were stopped: 0.0007889 seconds, Stopping threads took: 0.0003974 seconds
2018-03-06T17:17:45.870+0000: 32.504: Total time for which application threads were stopped: 0.0005132 seconds, Stopping threads took: 0.0000757 seconds
2018-03-06T17:17:45.872+0000: 32.505: Total time for which application threads were stopped: 0.0004107 seconds, Stopping threads took: 0.0000602 seconds
2018-03-06T17:17:45.882+0000: 32.516: Total time for which application threads were stopped: 0.0037234 seconds, Stopping threads took: 0.0033723 seconds
2018-03-06T17:17:45.886+0000: 32.520: Total time for which application threads were stopped: 0.0003831 seconds, Stopping threads took: 0.0000865 seconds
2018-03-06T17:17:45.887+0000: 32.520: Total time for which application threads were stopped: 0.0002796 seconds, Stopping threads took: 0.0000470 seconds
2018-03-06T17:17:45.887+0000: 32.521: Total time for which application threads were stopped: 0.0002880 seconds, Stopping threads took: 0.0000422 seconds
2018-03-06T17:17:45.889+0000: 32.522: Total time for which application threads were stopped: 0.0004508 seconds, Stopping threads took: 0.0000584 seconds
2018-03-06T17:17:45.889+0000: 32.523: Total time for which application threads were stopped: 0.0002576 seconds, Stopping threads took: 0.0000273 seconds
2018-03-06T17:17:45.890+0000: 32.524: Total time for which application threads were stopped: 0.0002783 seconds, Stopping threads took: 0.0000321 seconds
2018-03-06T17:17:45.896+0000: 32.529: Total time for which application threads were stopped: 0.0018037 seconds, Stopping threads took: 0.0009186 seconds
2018-03-06T17:17:45.902+0000: 32.536: Total time for which application threads were stopped: 0.0022102 seconds, Stopping threads took: 0.0008667 seconds
2018-03-06T17:17:45.910+0000: 32.544: Total time for which application threads were stopped: 0.0025209 seconds, Stopping threads took: 0.0021673 seconds
2018-03-06T17:17:45.911+0000: 32.545: [GC (CMS Initial Mark) [1 CMS-initial-mark: 0K(393216K)] 48657K(502464K), 0.0681339 secs] [Times: user=0.05 sys=0.00, real=0.06 secs] 
2018-03-06T17:17:45.980+0000: 32.613: Total time for which application threads were stopped: 0.0691308 seconds, Stopping threads took: 0.0000706 seconds
2018-03-06T17:17:45.986+0000: 32.619: [CMS-concurrent-mark-start]
2018-03-06T17:17:45.988+0000: 32.622: [CMS-concurrent-mark: 0.002/0.002 secs] [Times: user=0.00 sys=0.00, real=0.00 secs] 
2018-03-06T17:17:45.990+0000: 32.623: Total time for which application threads were stopped: 0.0006323 seconds, Stopping threads took: 0.0001434 seconds
2018-03-06T17:17:45.990+0000: 32.624: [CMS-concurrent-preclean-start]
2018-03-06T17:17:45.993+0000: 32.626: [CMS-concurrent-preclean: 0.003/0.003 secs] [Times: user=0.00 sys=0.00, real=0.00 secs] 
2018-03-06T17:17:46.000+0000: 32.639: Total time for which application threads were stopped: 0.0066461 seconds, Stopping threads took: 0.0000572 seconds
2018-03-06T17:17:46.007+0000: 32.640: Total time for which application threads were stopped: 0.0005170 seconds, Stopping threads took: 0.0001574 seconds
2018-03-06T17:17:46.007+0000: 32.641: [CMS-concurrent-abortable-preclean-start]
2018-03-06T17:17:46.011+0000: 32.645: Total time for which application threads were stopped: 0.0011096 seconds, Stopping threads took: 0.0000664 seconds
2018-03-06T17:17:46.036+0000: 32.670: Total time for which application threads were stopped: 0.0004206 seconds, Stopping threads took: 0.0000733 seconds
2018-03-06T17:17:46.371+0000: 33.004: Total time for which application threads were stopped: 0.0005231 seconds, Stopping threads took: 0.0001656 seconds
2018-03-06T17:17:46.991+0000: 33.625: Total time for which application threads were stopped: 0.0126551 seconds, Stopping threads took: 0.0123571 seconds
2018-03-06T17:17:47.015+0000: 33.649: Total time for which application threads were stopped: 0.0004506 seconds, Stopping threads took: 0.0000925 seconds
2018-03-06T17:17:47.017+0000: 33.650: Total time for which application threads were stopped: 0.0003582 seconds, Stopping threads took: 0.0000568 seconds
2018-03-06T17:17:47.094+0000: 33.728: Total time for which application threads were stopped: 0.0024996 seconds, Stopping threads took: 0.0020073 seconds
2018-03-06T17:17:47.111+0000: 33.744: Total time for which application threads were stopped: 0.0003939 seconds, Stopping threads took: 0.0001747 seconds
2018-03-06T17:17:47.118+0000: 33.752: Total time for which application threads were stopped: 0.0003077 seconds, Stopping threads took: 0.0000903 seconds
2018-03-06T17:17:47.803+0000: 34.437: Total time for which application threads were stopped: 0.0009537 seconds, Stopping threads took: 0.0006327 seconds
2018-03-06T17:17:48.141+0000: 34.775: Total time for which application threads were stopped: 0.0004442 seconds, Stopping threads took: 0.0001465 seconds
2018-03-06T17:17:48.154+0000: 34.788: Total time for which application threads were stopped: 0.0006565 seconds, Stopping threads took: 0.0003916 seconds
2018-03-06T17:17:48.175+0000: 34.808: Total time for which application threads were stopped: 0.0004406 seconds, Stopping threads took: 0.0001458 seconds
2018-03-06T17:17:48.367+0000: 35.001: Total time for which application threads were stopped: 0.0004957 seconds, Stopping threads took: 0.0001956 seconds
2018-03-06T17:17:48.374+0000: 35.008: Total time for which application threads were stopped: 0.0004754 seconds, Stopping threads took: 0.0001778 seconds
2018-03-06T17:17:48.375+0000: 35.008: Total time for which application threads were stopped: 0.0002965 seconds, Stopping threads took: 0.0001021 seconds
2018-03-06T17:17:48.375+0000: 35.009: Total time for which application threads were stopped: 0.0003110 seconds, Stopping threads took: 0.0001094 seconds
2018-03-06T17:17:48.390+0000: 35.023: Total time for which application threads were stopped: 0.0062375 seconds, Stopping threads took: 0.0057672 seconds
2018-03-06T17:17:48.405+0000: 35.038: Total time for which application threads were stopped: 0.0006189 seconds, Stopping threads took: 0.0000815 seconds
2018-03-06T17:17:48.405+0000: 35.039: Total time for which application threads were stopped: 0.0002811 seconds, Stopping threads took: 0.0000312 seconds
2018-03-06T17:17:48.409+0000: 35.043: Total time for which application threads were stopped: 0.0011136 seconds, Stopping threads took: 0.0006285 seconds
2018-03-06T17:17:48.551+0000: 35.184: Total time for which application threads were stopped: 0.0005495 seconds, Stopping threads took: 0.0001625 seconds
2018-03-06T17:17:48.551+0000: 35.185: Total time for which application threads were stopped: 0.0007489 seconds, Stopping threads took: 0.0000715 seconds
2018-03-06T17:17:48.552+0000: 35.186: Total time for which application threads were stopped: 0.0003407 seconds, Stopping threads took: 0.0000485 seconds
2018-03-06T17:17:48.618+0000: 35.252: Total time for which application threads were stopped: 0.0086773 seconds, Stopping threads took: 0.0083146 seconds
2018-03-06T17:17:48.675+0000: 35.309: Total time for which application threads were stopped: 0.0004944 seconds, Stopping threads took: 0.0000663 seconds
2018-03-06T17:17:49.115+0000: 35.749: Total time for which application threads were stopped: 0.0004939 seconds, Stopping threads took: 0.0001850 seconds
2018-03-06T17:17:49.632+0000: 36.266: Total time for which application threads were stopped: 0.0032174 seconds, Stopping threads took: 0.0028761 seconds
2018-03-06T17:17:50.048+0000: 36.681: Total time for which application threads were stopped: 0.0055541 seconds, Stopping threads took: 0.0052177 seconds
2018-03-06T17:17:50.068+0000: 36.702: Total time for which application threads were stopped: 0.0055772 seconds, Stopping threads took: 0.0052554 seconds
2018-03-06T17:17:50.263+0000: 36.897: Total time for which application threads were stopped: 0.0111415 seconds, Stopping threads took: 0.0107382 seconds
2018-03-06T17:17:50.743+0000: 37.376: Total time for which application threads were stopped: 0.0047626 seconds, Stopping threads took: 0.0043853 seconds
2018-03-06T17:17:50.918+0000: 37.552: Total time for which application threads were stopped: 0.0005044 seconds, Stopping threads took: 0.0000899 seconds
2018-03-06T17:17:51.587+0000: 38.221: Total time for which application threads were stopped: 0.0004596 seconds, Stopping threads took: 0.0000894 seconds
2018-03-06T17:17:51.899+0000: 38.533: Total time for which application threads were stopped: 0.0008625 seconds, Stopping threads took: 0.0000757 seconds
{Heap before GC invocations=1 (full 1):
 par new generation   total 109248K, used 99100K [0x00000000e0000000, 0x00000000e8000000, 0x00000000e8000000)
  eden space 87424K, 100% used [0x00000000e0000000, 0x00000000e5560000, 0x00000000e5560000)
  from space 21824K,  53% used [0x00000000e6ab0000, 0x00000000e76170a0, 0x00000000e8000000)
  to   space 21824K,   0% used [0x00000000e5560000, 0x00000000e5560000, 0x00000000e6ab0000)
 concurrent mark-sweep generation total 393216K, used 0K [0x00000000e8000000, 0x0000000100000000, 0x0000000100000000)
 Metaspace       used 23101K, capacity 23638K, committed 23876K, reserved 1071104K
  class space    used 2691K, capacity 2895K, committed 2912K, reserved 1048576K
2018-03-06T17:17:52.190+0000: 38.824: [GC (Allocation Failure) 2018-03-06T17:17:52.191+0000: 38.824: [ParNew
Desired survivor size 20112992 bytes, new threshold 8 (max 8)
- age   1:    7621968 bytes,    7621968 total
- age   2:    6278312 bytes,   13900280 total
: 99100K->17400K(109248K), 0.1475284 secs] 99100K->17400K(502464K), 0.1494581 secs] [Times: user=0.11 sys=0.01, real=0.14 secs] 
Heap after GC invocations=2 (full 1):
 par new generation   total 109248K, used 17400K [0x00000000e0000000, 0x00000000e8000000, 0x00000000e8000000)
  eden space 87424K,   0% used [0x00000000e0000000, 0x00000000e0000000, 0x00000000e5560000)
  from space 21824K,  79% used [0x00000000e5560000, 0x00000000e665e2e8, 0x00000000e6ab0000)
  to   space 21824K,   0% used [0x00000000e6ab0000, 0x00000000e6ab0000, 0x00000000e8000000)
 concurrent mark-sweep generation total 393216K, used 0K [0x00000000e8000000, 0x0000000100000000, 0x0000000100000000)
 Metaspace       used 23101K, capacity 23638K, committed 23876K, reserved 1071104K
  class space    used 2691K, capacity 2895K, committed 2912K, reserved 1048576K
}
2018-03-06T17:17:52.341+0000: 38.975: Total time for which application threads were stopped: 0.1511899 seconds, Stopping threads took: 0.0000629 seconds
2018-03-06T17:17:52.371+0000: 39.004: Total time for which application threads were stopped: 0.0113268 seconds, Stopping threads took: 0.0109967 seconds
 CMS: abort preclean due to time 2018-03-06T17:17:52.376+0000: 39.009: [CMS-concurrent-abortable-preclean: 5.859/6.368 secs] [Times: user=4.04 sys=0.84, real=6.37 secs] 
2018-03-06T17:17:52.377+0000: 39.011: Total time for which application threads were stopped: 0.0004872 seconds, Stopping threads took: 0.0002464 seconds
2018-03-06T17:17:52.378+0000: 39.011: [GC (CMS Final Remark) [YG occupancy: 18708 K (109248 K)]{Heap before GC invocations=2 (full 1):
 par new generation   total 109248K, used 18708K [0x00000000e0000000, 0x00000000e8000000, 0x00000000e8000000)
  eden space 87424K,   1% used [0x00000000e0000000, 0x00000000e0146de8, 0x00000000e5560000)
  from space 21824K,  79% used [0x00000000e5560000, 0x00000000e665e2e8, 0x00000000e6ab0000)
  to   space 21824K,   0% used [0x00000000e6ab0000, 0x00000000e6ab0000, 0x00000000e8000000)
 concurrent mark-sweep generation total 393216K, used 0K [0x00000000e8000000, 0x0000000100000000, 0x0000000100000000)
 Metaspace       used 23105K, capacity 23638K, committed 23876K, reserved 1071104K
  class space    used 2692K, capacity 2895K, committed 2912K, reserved 1048576K
2018-03-06T17:17:52.381+0000: 39.014: [GC (CMS Final Remark) 2018-03-06T17:17:52.382+0000: 39.016: [ParNew
Desired survivor size 20112992 bytes, new threshold 8 (max 8)
- age   1:     215824 bytes,     215824 total
- age   2:    5158024 bytes,    5373848 total
- age   3:    6276800 bytes,   11650648 total
: 18708K->21200K(109248K), 0.1626682 secs] 18708K->21200K(502464K), 0.1645407 secs] [Times: user=0.09 sys=0.01, real=0.17 secs] 
Heap after GC invocations=3 (full 1):
 par new generation   total 109248K, used 21200K [0x00000000e0000000, 0x00000000e8000000, 0x00000000e8000000)
  eden space 87424K,   0% used [0x00000000e0000000, 0x00000000e0000000, 0x00000000e5560000)
  from space 21824K,  97% used [0x00000000e6ab0000, 0x00000000e7f64030, 0x00000000e8000000)
  to   space 21824K,   0% used [0x00000000e5560000, 0x00000000e5560000, 0x00000000e6ab0000)
 concurrent mark-sweep generation total 393216K, used 0K [0x00000000e8000000, 0x0000000100000000, 0x0000000100000000)
 Metaspace       used 23105K, capacity 23638K, committed 23876K, reserved 1071104K
  class space    used 2692K, capacity 2895K, committed 2912K, reserved 1048576K
}
2018-03-06T17:17:52.546+0000: 39.180: [Rescan (parallel) , 0.0764458 secs]2018-03-06T17:17:52.623+0000: 39.257: [weak refs processing, 0.0066620 secs]2018-03-06T17:17:52.631+0000: 39.264: [class unloading, 0.0392624 secs]2018-03-06T17:17:52.674+0000: 39.307: [scrub symbol table, 0.0953485 secs]2018-03-06T17:17:52.774+0000: 39.407: [scrub string table, 0.0047812 secs][1 CMS-remark: 0K(393216K)] 21200K(502464K), 0.4041817 secs] [Times: user=0.19 sys=0.01, real=0.41 secs] 
2018-03-06T17:17:52.790+0000: 39.424: Total time for which application threads were stopped: 0.4123734 seconds, Stopping threads took: 0.0000317 seconds
2018-03-06T17:17:52.811+0000: 39.444: [CMS-concurrent-sweep-start]
2018-03-06T17:17:52.811+0000: 39.444: [CMS-concurrent-sweep: 0.000/0.000 secs] [Times: user=0.00 sys=0.00, real=0.00 secs] 
2018-03-06T17:17:52.814+0000: 39.447: Total time for which application threads were stopped: 0.0025945 seconds, Stopping threads took: 0.0022326 seconds
2018-03-06T17:17:52.814+0000: 39.447: [CMS-concurrent-reset-start]
2018-03-06T17:17:52.855+0000: 39.489: Total time for which application threads were stopped: 0.0100199 seconds, Stopping threads took: 0.0096513 seconds
2018-03-06T17:17:52.857+0000: 39.491: [CMS-concurrent-reset: 0.038/0.043 secs] [Times: user=0.02 sys=0.01, real=0.04 secs] 
2018-03-06T17:17:52.888+0000: 39.522: Total time for which application threads were stopped: 0.0109720 seconds, Stopping threads took: 0.0106129 seconds
2018-03-06T17:17:53.314+0000: 39.948: Total time for which application threads were stopped: 0.0010213 seconds, Stopping threads took: 0.0001017 seconds
2018-03-06T17:17:53.551+0000: 40.184: Total time for which application threads were stopped: 0.0128366 seconds, Stopping threads took: 0.0125045 seconds
2018-03-06T17:17:54.287+0000: 40.920: Total time for which application threads were stopped: 0.0025338 seconds, Stopping threads took: 0.0021757 seconds
2018-03-06T17:17:54.416+0000: 41.050: Total time for which application threads were stopped: 0.0135579 seconds, Stopping threads took: 0.0133137 seconds
2018-03-06T17:17:54.420+0000: 41.054: Total time for which application threads were stopped: 0.0008215 seconds, Stopping threads took: 0.0005707 seconds
2018-03-06T17:17:54.699+0000: 41.333: Total time for which application threads were stopped: 0.0231932 seconds, Stopping threads took: 0.0229770 seconds
2018-03-06T17:17:55.723+0000: 42.356: Total time for which application threads were stopped: 0.0115006 seconds, Stopping threads took: 0.0112175 seconds
2018-03-06T17:17:55.977+0000: 42.611: Total time for which application threads were stopped: 0.0110335 seconds, Stopping threads took: 0.0106084 seconds
2018-03-06T17:17:56.030+0000: 42.664: Total time for which application threads were stopped: 0.0165561 seconds, Stopping threads took: 0.0162239 seconds
2018-03-06T17:17:56.085+0000: 42.719: Total time for which application threads were stopped: 0.0057380 seconds, Stopping threads took: 0.0054394 seconds
2018-03-06T17:17:56.086+0000: 42.720: Total time for which application threads were stopped: 0.0002326 seconds, Stopping threads took: 0.0000731 seconds
2018-03-06T17:17:56.323+0000: 42.956: Total time for which application threads were stopped: 0.0112291 seconds, Stopping threads took: 0.0103468 seconds
2018-03-06T17:17:56.334+0000: 42.968: Total time for which application threads were stopped: 0.0040841 seconds, Stopping threads took: 0.0037399 seconds
2018-03-06T17:17:57.094+0000: 43.728: Total time for which application threads were stopped: 0.0070864 seconds, Stopping threads took: 0.0066033 seconds
2018-03-06T17:17:57.096+0000: 43.729: Total time for which application threads were stopped: 0.0003604 seconds, Stopping threads took: 0.0000691 seconds
2018-03-06T17:17:57.096+0000: 43.730: Total time for which application threads were stopped: 0.0002507 seconds, Stopping threads took: 0.0000258 seconds
{Heap before GC invocations=3 (full 1):
 par new generation   total 109248K, used 108624K [0x00000000e0000000, 0x00000000e8000000, 0x00000000e8000000)
  eden space 87424K, 100% used [0x00000000e0000000, 0x00000000e5560000, 0x00000000e5560000)
  from space 21824K,  97% used [0x00000000e6ab0000, 0x00000000e7f64030, 0x00000000e8000000)
  to   space 21824K,   0% used [0x00000000e5560000, 0x00000000e5560000, 0x00000000e6ab0000)
 concurrent mark-sweep generation total 393216K, used 0K [0x00000000e8000000, 0x0000000100000000, 0x0000000100000000)
 Metaspace       used 23794K, capacity 24392K, committed 24516K, reserved 1071104K
  class space    used 2768K, capacity 2976K, committed 3040K, reserved 1048576K
2018-03-06T17:17:57.398+0000: 44.032: [GC (Allocation Failure) 2018-03-06T17:17:57.401+0000: 44.034: [ParNew
Desired survivor size 20112992 bytes, new threshold 8 (max 8)
- age   1:    3000184 bytes,    3000184 total
- age   2:       1568 bytes,    3001752 total
- age   3:    2985064 bytes,    5986816 total
- age   4:    6274928 bytes,   12261744 total
: 108624K->14195K(109248K), 0.2037043 secs] 108624K->14195K(502464K), 0.2063647 secs] [Times: user=0.14 sys=0.01, real=0.21 secs] 
Heap after GC invocations=4 (full 1):
 par new generation   total 109248K, used 14195K [0x00000000e0000000, 0x00000000e8000000, 0x00000000e8000000)
  eden space 87424K,   0% used [0x00000000e0000000, 0x00000000e0000000, 0x00000000e5560000)
  from space 21824K,  65% used [0x00000000e5560000, 0x00000000e633cc48, 0x00000000e6ab0000)
  to   space 21824K,   0% used [0x00000000e6ab0000, 0x00000000e6ab0000, 0x00000000e8000000)
 concurrent mark-sweep generation total 393216K, used 0K [0x00000000e8000000, 0x0000000100000000, 0x0000000100000000)
 Metaspace       used 23794K, capacity 24392K, committed 24516K, reserved 1071104K
  class space    used 2768K, capacity 2976K, committed 3040K, reserved 1048576K
}
2018-03-06T17:17:57.606+0000: 44.240: Total time for which application threads were stopped: 0.2139324 seconds, Stopping threads took: 0.0060085 seconds
2018-03-06T17:17:57.608+0000: 44.242: Total time for which application threads were stopped: 0.0002856 seconds, Stopping threads took: 0.0000677 seconds
2018-03-06T17:17:58.615+0000: 45.249: Total time for which application threads were stopped: 0.0066668 seconds, Stopping threads took: 0.0063587 seconds
{Heap before GC invocations=4 (full 1):
 par new generation   total 109248K, used 101619K [0x00000000e0000000, 0x00000000e8000000, 0x00000000e8000000)
  eden space 87424K, 100% used [0x00000000e0000000, 0x00000000e5560000, 0x00000000e5560000)
  from space 21824K,  65% used [0x00000000e5560000, 0x00000000e633cc48, 0x00000000e6ab0000)
  to   space 21824K,   0% used [0x00000000e6ab0000, 0x00000000e6ab0000, 0x00000000e8000000)
 concurrent mark-sweep generation total 393216K, used 0K [0x00000000e8000000, 0x0000000100000000, 0x0000000100000000)
 Metaspace       used 24045K, capacity 24632K, committed 24772K, reserved 1071104K
  class space    used 2798K, capacity 2984K, committed 3040K, reserved 1048576K
2018-03-06T17:17:59.551+0000: 46.185: [GC (Allocation Failure) 2018-03-06T17:17:59.552+0000: 46.186: [ParNew
Desired survivor size 20112992 bytes, new threshold 8 (max 8)
- age   1:    1418784 bytes,    1418784 total
- age   2:    2437416 bytes,    3856200 total
- age   3:       1568 bytes,    3857768 total
- age   4:    2901176 bytes,    6758944 total
- age   5:    6274520 bytes,   13033464 total
: 101619K->17974K(109248K), 0.1529870 secs] 101619K->17974K(502464K), 0.1544035 secs] [Times: user=0.10 sys=0.00, real=0.15 secs] 
Heap after GC invocations=5 (full 1):
 par new generation   total 109248K, used 17974K [0x00000000e0000000, 0x00000000e8000000, 0x00000000e8000000)
  eden space 87424K,   0% used [0x00000000e0000000, 0x00000000e0000000, 0x00000000e5560000)
  from space 21824K,  82% used [0x00000000e6ab0000, 0x00000000e7c3dac0, 0x00000000e8000000)
  to   space 21824K,   0% used [0x00000000e5560000, 0x00000000e5560000, 0x00000000e6ab0000)
 concurrent mark-sweep generation total 393216K, used 0K [0x00000000e8000000, 0x0000000100000000, 0x0000000100000000)
 Metaspace       used 24045K, capacity 24632K, committed 24772K, reserved 1071104K
  class space    used 2798K, capacity 2984K, committed 3040K, reserved 1048576K
}
2018-03-06T17:17:59.707+0000: 46.340: Total time for which application threads were stopped: 0.1562173 seconds, Stopping threads took: 0.0001110 seconds
2018-03-06T17:18:00.714+0000: 47.348: Total time for which application threads were stopped: 0.0004361 seconds, Stopping threads took: 0.0001228 seconds
2018-03-06T17:18:00.754+0000: 47.388: Total time for which application threads were stopped: 0.0007322 seconds, Stopping threads took: 0.0003347 seconds
2018-03-06T17:18:00.784+0000: 47.417: Total time for which application threads were stopped: 0.0076830 seconds, Stopping threads took: 0.0072956 seconds
2018-03-06T17:18:01.006+0000: 47.640: Total time for which application threads were stopped: 0.0004916 seconds, Stopping threads took: 0.0001425 seconds
2018-03-06T17:18:01.009+0000: 47.642: Total time for which application threads were stopped: 0.0003242 seconds, Stopping threads took: 0.0001212 seconds
2018-03-06T17:18:01.014+0000: 47.648: Total time for which application threads were stopped: 0.0003498 seconds, Stopping threads took: 0.0001112 seconds
2018-03-06T17:18:01.073+0000: 47.707: Total time for which application threads were stopped: 0.0049026 seconds, Stopping threads took: 0.0044204 seconds
2018-03-06T17:18:01.137+0000: 47.771: Total time for which application threads were stopped: 0.0009372 seconds, Stopping threads took: 0.0003765 seconds
2018-03-06T17:18:01.158+0000: 47.792: Total time for which application threads were stopped: 0.0038068 seconds, Stopping threads took: 0.0034518 seconds
2018-03-06T17:18:01.163+0000: 47.797: Total time for which application threads were stopped: 0.0005342 seconds, Stopping threads took: 0.0000788 seconds
2018-03-06T17:18:01.164+0000: 47.797: Total time for which application threads were stopped: 0.0002755 seconds, Stopping threads took: 0.0000293 seconds
2018-03-06T17:18:01.164+0000: 47.798: Total time for which application threads were stopped: 0.0002233 seconds, Stopping threads took: 0.0000248 seconds
2018-03-06T17:18:01.242+0000: 47.876: Total time for which application threads were stopped: 0.0049154 seconds, Stopping threads took: 0.0045609 seconds
2018-03-06T17:18:01.244+0000: 47.878: Total time for which application threads were stopped: 0.0002971 seconds, Stopping threads took: 0.0000976 seconds
2018-03-06T17:18:01.245+0000: 47.878: Total time for which application threads were stopped: 0.0001801 seconds, Stopping threads took: 0.0000422 seconds
2018-03-06T17:18:01.401+0000: 48.035: Total time for which application threads were stopped: 0.0006708 seconds, Stopping threads took: 0.0003416 seconds
2018-03-06T17:18:01.404+0000: 48.037: Total time for which application threads were stopped: 0.0002855 seconds, Stopping threads took: 0.0000515 seconds
2018-03-06T17:18:01.405+0000: 48.038: Total time for which application threads were stopped: 0.0003128 seconds, Stopping threads took: 0.0001310 seconds
2018-03-06T17:18:01.405+0000: 48.039: Total time for which application threads were stopped: 0.0003868 seconds, Stopping threads took: 0.0001174 seconds
2018-03-06T17:18:01.406+0000: 48.039: Total time for which application threads were stopped: 0.0003692 seconds, Stopping threads took: 0.0001606 seconds
2018-03-06T17:18:01.407+0000: 48.040: Total time for which application threads were stopped: 0.0002575 seconds, Stopping threads took: 0.0000531 seconds
2018-03-06T17:18:01.407+0000: 48.041: Total time for which application threads were stopped: 0.0007604 seconds, Stopping threads took: 0.0000287 seconds
2018-03-06T17:18:01.409+0000: 48.042: Total time for which application threads were stopped: 0.0003022 seconds, Stopping threads took: 0.0000751 seconds
2018-03-06T17:18:01.409+0000: 48.043: Total time for which application threads were stopped: 0.0002159 seconds, Stopping threads took: 0.0000472 seconds
2018-03-06T17:18:01.478+0000: 48.112: Total time for which application threads were stopped: 0.0004026 seconds, Stopping threads took: 0.0001388 seconds
2018-03-06T17:18:01.512+0000: 48.146: Total time for which application threads were stopped: 0.0004207 seconds, Stopping threads took: 0.0001378 seconds
2018-03-06T17:18:01.550+0000: 48.184: Total time for which application threads were stopped: 0.0027427 seconds, Stopping threads took: 0.0023860 seconds
2018-03-06T17:18:01.551+0000: 48.184: Total time for which application threads were stopped: 0.0002972 seconds, Stopping threads took: 0.0000449 seconds
2018-03-06T17:18:01.551+0000: 48.185: Total time for which application threads were stopped: 0.0002835 seconds, Stopping threads took: 0.0000426 seconds
2018-03-06T17:18:01.580+0000: 48.214: Total time for which application threads were stopped: 0.0024458 seconds, Stopping threads took: 0.0021554 seconds
2018-03-06T17:18:01.588+0000: 48.222: Total time for which application threads were stopped: 0.0019498 seconds, Stopping threads took: 0.0015731 seconds
2018-03-06T17:18:01.589+0000: 48.223: Total time for which application threads were stopped: 0.0005501 seconds, Stopping threads took: 0.0000294 seconds
2018-03-06T17:18:01.590+0000: 48.223: Total time for which application threads were stopped: 0.0004909 seconds, Stopping threads took: 0.0000483 seconds
2018-03-06T17:18:01.680+0000: 48.314: Total time for which application threads were stopped: 0.0013031 seconds, Stopping threads took: 0.0001416 seconds
2018-03-06T17:18:01.698+0000: 48.332: Total time for which application threads were stopped: 0.0046389 seconds, Stopping threads took: 0.0043318 seconds
2018-03-06T17:18:01.801+0000: 48.434: Total time for which application threads were stopped: 0.0005803 seconds, Stopping threads took: 0.0001977 seconds
2018-03-06T17:18:01.802+0000: 48.435: Total time for which application threads were stopped: 0.0006082 seconds, Stopping threads took: 0.0000765 seconds
2018-03-06T17:18:01.802+0000: 48.436: Total time for which application threads were stopped: 0.0003467 seconds, Stopping threads took: 0.0000359 seconds
2018-03-06T17:18:01.884+0000: 48.517: Total time for which application threads were stopped: 0.0015400 seconds, Stopping threads took: 0.0004140 seconds
2018-03-06T17:18:01.980+0000: 48.614: Total time for which application threads were stopped: 0.0003966 seconds, Stopping threads took: 0.0001643 seconds
2018-03-06T17:18:02.117+0000: 48.750: Total time for which application threads were stopped: 0.0006183 seconds, Stopping threads took: 0.0003010 seconds
{Heap before GC invocations=5 (full 1):
 par new generation   total 109248K, used 105398K [0x00000000e0000000, 0x00000000e8000000, 0x00000000e8000000)
  eden space 87424K, 100% used [0x00000000e0000000, 0x00000000e5560000, 0x00000000e5560000)
  from space 21824K,  82% used [0x00000000e6ab0000, 0x00000000e7c3dac0, 0x00000000e8000000)
  to   space 21824K,   0% used [0x00000000e5560000, 0x00000000e5560000, 0x00000000e6ab0000)
 concurrent mark-sweep generation total 393216K, used 0K [0x00000000e8000000, 0x0000000100000000, 0x0000000100000000)
 Metaspace       used 25542K, capacity 26112K, committed 26308K, reserved 1073152K
  class space    used 2980K, capacity 3178K, committed 3296K, reserved 1048576K
2018-03-06T17:18:02.239+0000: 48.872: [GC (Allocation Failure) 2018-03-06T17:18:02.239+0000: 48.873: [ParNew
Desired survivor size 20112992 bytes, new threshold 8 (max 8)
- age   1:    2934904 bytes,    2934904 total
- age   2:     145672 bytes,    3080576 total
- age   3:    2435968 bytes,    5516544 total
- age   4:       1568 bytes,    5518112 total
- age   5:    2873768 bytes,    8391880 total
- age   6:    6258456 bytes,   14650336 total
: 105398K->16516K(109248K), 0.1444374 secs] 105398K->16516K(502464K), 0.1456778 secs] [Times: user=0.13 sys=0.01, real=0.15 secs] 
Heap after GC invocations=6 (full 1):
 par new generation   total 109248K, used 16516K [0x00000000e0000000, 0x00000000e8000000, 0x00000000e8000000)
  eden space 87424K,   0% used [0x00000000e0000000, 0x00000000e0000000, 0x00000000e5560000)
  from space 21824K,  75% used [0x00000000e5560000, 0x00000000e6581350, 0x00000000e6ab0000)
  to   space 21824K,   0% used [0x00000000e6ab0000, 0x00000000e6ab0000, 0x00000000e8000000)
 concurrent mark-sweep generation total 393216K, used 0K [0x00000000e8000000, 0x0000000100000000, 0x0000000100000000)
 Metaspace       used 25542K, capacity 26112K, committed 26308K, reserved 1073152K
  class space    used 2980K, capacity 3178K, committed 3296K, reserved 1048576K
}
2018-03-06T17:18:02.385+0000: 49.019: Total time for which application threads were stopped: 0.1477486 seconds, Stopping threads took: 0.0004853 seconds
2018-03-06T17:18:02.811+0000: 49.444: Total time for which application threads were stopped: 0.0088734 seconds, Stopping threads took: 0.0085322 seconds
2018-03-06T17:18:02.844+0000: 49.477: Total time for which application threads were stopped: 0.0028628 seconds, Stopping threads took: 0.0025917 seconds
2018-03-06T17:18:02.935+0000: 49.569: Total time for which application threads were stopped: 0.0089335 seconds, Stopping threads took: 0.0086444 seconds
2018-03-06T17:18:02.983+0000: 49.617: Total time for which application threads were stopped: 0.0051722 seconds, Stopping threads took: 0.0049144 seconds
{Heap before GC invocations=6 (full 1):
 par new generation   total 109248K, used 103940K [0x00000000e0000000, 0x00000000e8000000, 0x00000000e8000000)
  eden space 87424K, 100% used [0x00000000e0000000, 0x00000000e5560000, 0x00000000e5560000)
  from space 21824K,  75% used [0x00000000e5560000, 0x00000000e6581350, 0x00000000e6ab0000)
  to   space 21824K,   0% used [0x00000000e6ab0000, 0x00000000e6ab0000, 0x00000000e8000000)
 concurrent mark-sweep generation total 393216K, used 0K [0x00000000e8000000, 0x0000000100000000, 0x0000000100000000)
 Metaspace       used 25945K, capacity 26528K, committed 26564K, reserved 1073152K
  class space    used 3042K, capacity 3274K, committed 3296K, reserved 1048576K
2018-03-06T17:18:03.423+0000: 50.056: [GC (Allocation Failure) 2018-03-06T17:18:03.423+0000: 50.057: [ParNew
Desired survivor size 20112992 bytes, new threshold 8 (max 8)
- age   1:    1150024 bytes,    1150024 total
- age   2:     674840 bytes,    1824864 total
- age   3:     144880 bytes,    1969744 total
- age   4:    2435888 bytes,    4405632 total
- age   5:       1568 bytes,    4407200 total
- age   6:    2867880 bytes,    7275080 total
- age   7:    6254072 bytes,   13529152 total
: 103940K->15706K(109248K), 0.1270386 secs] 103940K->15706K(502464K), 0.1282270 secs] [Times: user=0.11 sys=0.01, real=0.13 secs] 
Heap after GC invocations=7 (full 1):
 par new generation   total 109248K, used 15706K [0x00000000e0000000, 0x00000000e8000000, 0x00000000e8000000)
  eden space 87424K,   0% used [0x00000000e0000000, 0x00000000e0000000, 0x00000000e5560000)
  from space 21824K,  71% used [0x00000000e6ab0000, 0x00000000e7a06b58, 0x00000000e8000000)
  to   space 21824K,   0% used [0x00000000e5560000, 0x00000000e5560000, 0x00000000e6ab0000)
 concurrent mark-sweep generation total 393216K, used 0K [0x00000000e8000000, 0x0000000100000000, 0x0000000100000000)
 Metaspace       used 25945K, capacity 26528K, committed 26564K, reserved 1073152K
  class space    used 3042K, capacity 3274K, committed 3296K, reserved 1048576K
}
2018-03-06T17:18:03.552+0000: 50.185: Total time for which application threads were stopped: 0.1302038 seconds, Stopping threads took: 0.0005794 seconds
2018-03-06T17:18:03.685+0000: 50.319: Total time for which application threads were stopped: 0.0028215 seconds, Stopping threads took: 0.0024416 seconds
2018-03-06T17:18:03.742+0000: 50.376: Total time for which application threads were stopped: 0.0056189 seconds, Stopping threads took: 0.0052477 seconds
2018-03-06T17:18:03.843+0000: 50.477: Total time for which application threads were stopped: 0.0077953 seconds, Stopping threads took: 0.0073363 seconds
2018-03-06T17:18:03.984+0000: 50.617: Total time for which application threads were stopped: 0.0060681 seconds, Stopping threads took: 0.0056328 seconds
2018-03-06T17:18:04.052+0000: 50.686: Total time for which application threads were stopped: 0.0063234 seconds, Stopping threads took: 0.0060188 seconds
2018-03-06T17:18:04.067+0000: 50.701: Total time for which application threads were stopped: 0.0010883 seconds, Stopping threads took: 0.0008208 seconds
2018-03-06T17:18:04.068+0000: 50.702: Total time for which application threads were stopped: 0.0002425 seconds, Stopping threads took: 0.0000484 seconds
2018-03-06T17:18:04.074+0000: 50.708: Total time for which application threads were stopped: 0.0006625 seconds, Stopping threads took: 0.0003846 seconds
2018-03-06T17:18:04.092+0000: 50.726: Total time for which application threads were stopped: 0.0026094 seconds, Stopping threads took: 0.0023645 seconds
2018-03-06T17:18:04.120+0000: 50.754: Total time for which application threads were stopped: 0.0044062 seconds, Stopping threads took: 0.0041194 seconds
2018-03-06T17:18:04.123+0000: 50.756: Total time for which application threads were stopped: 0.0005447 seconds, Stopping threads took: 0.0002991 seconds
2018-03-06T17:18:04.123+0000: 50.757: Total time for which application threads were stopped: 0.0002179 seconds, Stopping threads took: 0.0000333 seconds
2018-03-06T17:18:04.134+0000: 50.767: Total time for which application threads were stopped: 0.0018768 seconds, Stopping threads took: 0.0014914 seconds
2018-03-06T17:18:04.142+0000: 50.775: Total time for which application threads were stopped: 0.0009572 seconds, Stopping threads took: 0.0006449 seconds
2018-03-06T17:18:04.153+0000: 50.786: Total time for which application threads were stopped: 0.0027369 seconds, Stopping threads took: 0.0024786 seconds
2018-03-06T17:18:04.164+0000: 50.797: Total time for which application threads were stopped: 0.0013877 seconds, Stopping threads took: 0.0011410 seconds
2018-03-06T17:18:04.171+0000: 50.805: Total time for which application threads were stopped: 0.0009045 seconds, Stopping threads took: 0.0005176 seconds
2018-03-06T17:18:04.211+0000: 50.844: Total time for which application threads were stopped: 0.0115816 seconds, Stopping threads took: 0.0112732 seconds
2018-03-06T17:18:04.226+0000: 50.859: Total time for which application threads were stopped: 0.0055371 seconds, Stopping threads took: 0.0052880 seconds
2018-03-06T17:18:04.371+0000: 51.005: Total time for which application threads were stopped: 0.0075831 seconds, Stopping threads took: 0.0063789 seconds
2018-03-06T17:18:04.397+0000: 51.031: Total time for which application threads were stopped: 0.0033338 seconds, Stopping threads took: 0.0030156 seconds
2018-03-06T17:18:04.441+0000: 51.075: Total time for which application threads were stopped: 0.0034655 seconds, Stopping threads took: 0.0021272 seconds
2018-03-06T17:18:04.443+0000: 51.077: Total time for which application threads were stopped: 0.0006224 seconds, Stopping threads took: 0.0001944 seconds
2018-03-06T17:18:04.465+0000: 51.099: Total time for which application threads were stopped: 0.0009091 seconds, Stopping threads took: 0.0004361 seconds
2018-03-06T17:18:04.470+0000: 51.104: Total time for which application threads were stopped: 0.0011505 seconds, Stopping threads took: 0.0004913 seconds
{Heap before GC invocations=7 (full 1):
 par new generation   total 109248K, used 103130K [0x00000000e0000000, 0x00000000e8000000, 0x00000000e8000000)
  eden space 87424K, 100% used [0x00000000e0000000, 0x00000000e5560000, 0x00000000e5560000)
  from space 21824K,  71% used [0x00000000e6ab0000, 0x00000000e7a06b58, 0x00000000e8000000)
  to   space 21824K,   0% used [0x00000000e5560000, 0x00000000e5560000, 0x00000000e6ab0000)
 concurrent mark-sweep generation total 393216K, used 0K [0x00000000e8000000, 0x0000000100000000, 0x0000000100000000)
 Metaspace       used 26414K, capacity 27056K, committed 27204K, reserved 1073152K
  class space    used 3105K, capacity 3316K, committed 3424K, reserved 1048576K
2018-03-06T17:18:04.913+0000: 51.546: [GC (Allocation Failure) 2018-03-06T17:18:04.913+0000: 51.547: [ParNew
Desired survivor size 20112992 bytes, new threshold 8 (max 8)
- age   1:     916584 bytes,     916584 total
- age   2:     172960 bytes,    1089544 total
- age   3:     671368 bytes,    1760912 total
- age   4:     144880 bytes,    1905792 total
- age   5:    2435792 bytes,    4341584 total
- age   6:       1568 bytes,    4343152 total
- age   7:    2866352 bytes,    7209504 total
- age   8:    6252896 bytes,   13462400 total
: 103130K->19575K(109248K), 0.1237239 secs] 103130K->19575K(502464K), 0.1249089 secs] [Times: user=0.12 sys=0.00, real=0.12 secs] 
Heap after GC invocations=8 (full 1):
 par new generation   total 109248K, used 19575K [0x00000000e0000000, 0x00000000e8000000, 0x00000000e8000000)
  eden space 87424K,   0% used [0x00000000e0000000, 0x00000000e0000000, 0x00000000e5560000)
  from space 21824K,  89% used [0x00000000e5560000, 0x00000000e687de70, 0x00000000e6ab0000)
  to   space 21824K,   0% used [0x00000000e6ab0000, 0x00000000e6ab0000, 0x00000000e8000000)
 concurrent mark-sweep generation total 393216K, used 0K [0x00000000e8000000, 0x0000000100000000, 0x0000000100000000)
 Metaspace       used 26414K, capacity 27056K, committed 27204K, reserved 1073152K
  class space    used 3105K, capacity 3316K, committed 3424K, reserved 1048576K
}
2018-03-06T17:18:05.039+0000: 51.672: Total time for which application threads were stopped: 0.1310162 seconds, Stopping threads took: 0.0046994 seconds
2018-03-06T17:18:05.772+0000: 52.406: Total time for which application threads were stopped: 0.0017316 seconds, Stopping threads took: 0.0014077 seconds
2018-03-06T17:18:05.773+0000: 52.407: Total time for which application threads were stopped: 0.0002453 seconds, Stopping threads took: 0.0000295 seconds
2018-03-06T17:18:05.774+0000: 52.407: Total time for which application threads were stopped: 0.0003354 seconds, Stopping threads took: 0.0000282 seconds
2018-03-06T17:18:05.774+0000: 52.408: Total time for which application threads were stopped: 0.0003090 seconds, Stopping threads took: 0.0000389 seconds
2018-03-06T17:18:05.781+0000: 52.414: Total time for which application threads were stopped: 0.0003697 seconds, Stopping threads took: 0.0000637 seconds
2018-03-06T17:18:05.789+0000: 52.422: Total time for which application threads were stopped: 0.0007558 seconds, Stopping threads took: 0.0001768 seconds
2018-03-06T17:18:06.794+0000: 53.427: Total time for which application threads were stopped: 0.0045502 seconds, Stopping threads took: 0.0040680 seconds
2018-03-06T17:18:06.864+0000: 53.498: Total time for which application threads were stopped: 0.0024532 seconds, Stopping threads took: 0.0021811 seconds
2018-03-06T17:18:06.884+0000: 53.518: Total time for which application threads were stopped: 0.0004128 seconds, Stopping threads took: 0.0001343 seconds
2018-03-06T17:18:07.885+0000: 54.519: Total time for which application threads were stopped: 0.0005611 seconds, Stopping threads took: 0.0001951 seconds
2018-03-06T17:18:07.988+0000: 54.622: Total time for which application threads were stopped: 0.0022122 seconds, Stopping threads took: 0.0011910 seconds
2018-03-06T17:18:08.994+0000: 55.628: Total time for which application threads were stopped: 0.0056572 seconds, Stopping threads took: 0.0053109 seconds
2018-03-06T17:18:09.145+0000: 55.779: Total time for which application threads were stopped: 0.0005475 seconds, Stopping threads took: 0.0002364 seconds
2018-03-06T17:18:09.154+0000: 55.788: Total time for which application threads were stopped: 0.0005586 seconds, Stopping threads took: 0.0002425 seconds
{Heap before GC invocations=8 (full 1):
 par new generation   total 109248K, used 106984K [0x00000000e0000000, 0x00000000e8000000, 0x00000000e8000000)
  eden space 87424K,  99% used [0x00000000e0000000, 0x00000000e555c570, 0x00000000e5560000)
  from space 21824K,  89% used [0x00000000e5560000, 0x00000000e687de70, 0x00000000e6ab0000)
  to   space 21824K,   0% used [0x00000000e6ab0000, 0x00000000e6ab0000, 0x00000000e8000000)
 concurrent mark-sweep generation total 393216K, used 0K [0x00000000e8000000, 0x0000000100000000, 0x0000000100000000)
 Metaspace       used 27903K, capacity 28526K, committed 28868K, reserved 1075200K
  class space    used 3272K, capacity 3485K, committed 3552K, reserved 1048576K
2018-03-06T17:18:09.967+0000: 56.601: [GC (Allocation Failure) 2018-03-06T17:18:09.968+0000: 56.601: [ParNew
Desired survivor size 20112992 bytes, new threshold 8 (max 8)
- age   1:    3005896 bytes,    3005896 total
- age   2:     198056 bytes,    3203952 total
- age   3:     152640 bytes,    3356592 total
- age   4:     659736 bytes,    4016328 total
- age   5:     143744 bytes,    4160072 total
- age   6:     345256 bytes,    4505328 total
- age   7:       1568 bytes,    4506896 total
- age   8:    2861552 bytes,    7368448 total
: 106984K->12289K(109248K), 0.2879116 secs] 106984K->19101K(502464K), 0.2890246 secs] [Times: user=0.28 sys=0.02, real=0.29 secs] 
Heap after GC invocations=9 (full 1):
 par new generation   total 109248K, used 12289K [0x00000000e0000000, 0x00000000e8000000, 0x00000000e8000000)
  eden space 87424K,   0% used [0x00000000e0000000, 0x00000000e0000000, 0x00000000e5560000)
  from space 21824K,  56% used [0x00000000e6ab0000, 0x00000000e76b0420, 0x00000000e8000000)
  to   space 21824K,   0% used [0x00000000e5560000, 0x00000000e5560000, 0x00000000e6ab0000)
 concurrent mark-sweep generation total 393216K, used 6812K [0x00000000e8000000, 0x0000000100000000, 0x0000000100000000)
 Metaspace       used 27903K, capacity 28526K, committed 28868K, reserved 1075200K
  class space    used 3272K, capacity 3485K, committed 3552K, reserved 1048576K
}
2018-03-06T17:18:10.257+0000: 56.890: Total time for which application threads were stopped: 0.2903359 seconds, Stopping threads took: 0.0002187 seconds
2018-03-06T17:18:10.271+0000: 56.905: Total time for which application threads were stopped: 0.0003199 seconds, Stopping threads took: 0.0000709 seconds
2018-03-06T17:18:11.280+0000: 57.913: Total time for which application threads were stopped: 0.0015876 seconds, Stopping threads took: 0.0011998 seconds
2018-03-06T17:18:11.947+0000: 58.581: Total time for which application threads were stopped: 0.0025270 seconds, Stopping threads took: 0.0022049 seconds
2018-03-06T17:18:12.130+0000: 58.764: Total time for which application threads were stopped: 0.0004551 seconds, Stopping threads took: 0.0001962 seconds
2018-03-06T17:18:12.281+0000: 58.915: Total time for which application threads were stopped: 0.0006063 seconds, Stopping threads took: 0.0002150 seconds
2018-03-06T17:18:12.334+0000: 58.968: Total time for which application threads were stopped: 0.0060977 seconds, Stopping threads took: 0.0056221 seconds
2018-03-06T17:18:12.621+0000: 59.254: Total time for which application threads were stopped: 0.0013745 seconds, Stopping threads took: 0.0001528 seconds
2018-03-06T17:18:12.645+0000: 59.279: Total time for which application threads were stopped: 0.0003604 seconds, Stopping threads took: 0.0001421 seconds
2018-03-06T17:18:12.664+0000: 59.298: Total time for which application threads were stopped: 0.0003712 seconds, Stopping threads took: 0.0001413 seconds
2018-03-06T17:18:12.686+0000: 59.320: Total time for which application threads were stopped: 0.0004682 seconds, Stopping threads took: 0.0002239 seconds
2018-03-06T17:18:12.969+0000: 59.602: Total time for which application threads were stopped: 0.0005995 seconds, Stopping threads took: 0.0001880 seconds
2018-03-06T17:18:13.257+0000: 59.891: Total time for which application threads were stopped: 0.0005308 seconds, Stopping threads took: 0.0001627 seconds
2018-03-06T17:18:13.257+0000: 59.891: Total time for which application threads were stopped: 0.0002437 seconds, Stopping threads took: 0.0000288 seconds
2018-03-06T17:18:13.258+0000: 59.892: Total time for which application threads were stopped: 0.0002917 seconds, Stopping threads took: 0.0000520 seconds
2018-03-06T17:18:13.270+0000: 59.904: Total time for which application threads were stopped: 0.0004663 seconds, Stopping threads took: 0.0001505 seconds
2018-03-06T17:18:13.557+0000: 60.191: Total time for which application threads were stopped: 0.0013445 seconds, Stopping threads took: 0.0009490 seconds
2018-03-06T17:18:13.709+0000: 60.343: Total time for which application threads were stopped: 0.0228157 seconds, Stopping threads took: 0.0222939 seconds
2018-03-06T17:18:14.723+0000: 61.356: Total time for which application threads were stopped: 0.0005954 seconds, Stopping threads took: 0.0001105 seconds
2018-03-06T17:18:15.268+0000: 61.902: Total time for which application threads were stopped: 0.0016339 seconds, Stopping threads took: 0.0011639 seconds
2018-03-06T17:18:15.308+0000: 61.941: Total time for which application threads were stopped: 0.0114503 seconds, Stopping threads took: 0.0108476 seconds
2018-03-06T17:18:15.458+0000: 62.091: Total time for which application threads were stopped: 0.0069276 seconds, Stopping threads took: 0.0064609 seconds
2018-03-06T17:18:15.479+0000: 62.114: Total time for which application threads were stopped: 0.0065312 seconds, Stopping threads took: 0.0050750 seconds
2018-03-06T17:18:15.875+0000: 62.509: Total time for which application threads were stopped: 0.0016326 seconds, Stopping threads took: 0.0001556 seconds
2018-03-06T17:18:15.911+0000: 62.545: Total time for which application threads were stopped: 0.0005028 seconds, Stopping threads took: 0.0001193 seconds
2018-03-06T17:18:16.919+0000: 63.552: Total time for which application threads were stopped: 0.0071084 seconds, Stopping threads took: 0.0065492 seconds
2018-03-06T17:18:19.840+0000: 66.473: Total time for which application threads were stopped: 0.0049417 seconds, Stopping threads took: 0.0045604 seconds
2018-03-06T17:18:19.867+0000: 66.500: Total time for which application threads were stopped: 0.0042890 seconds, Stopping threads took: 0.0039110 seconds
2018-03-06T17:18:19.978+0000: 66.612: Total time for which application threads were stopped: 0.0281770 seconds, Stopping threads took: 0.0277037 seconds
2018-03-06T17:18:20.030+0000: 66.664: Total time for which application threads were stopped: 0.0078219 seconds, Stopping threads took: 0.0071002 seconds
2018-03-06T17:18:20.031+0000: 66.665: Total time for which application threads were stopped: 0.0005219 seconds, Stopping threads took: 0.0000444 seconds
2018-03-06T17:18:20.032+0000: 66.666: Total time for which application threads were stopped: 0.0004521 seconds, Stopping threads took: 0.0000374 seconds
2018-03-06T17:18:20.057+0000: 66.691: Total time for which application threads were stopped: 0.0244469 seconds, Stopping threads took: 0.0009553 seconds
2018-03-06T17:18:20.166+0000: 66.800: Total time for which application threads were stopped: 0.0200925 seconds, Stopping threads took: 0.0195340 seconds
2018-03-06T17:18:20.173+0000: 66.807: Total time for which application threads were stopped: 0.0011526 seconds, Stopping threads took: 0.0007190 seconds
2018-03-06T17:18:20.190+0000: 66.824: Total time for which application threads were stopped: 0.0085057 seconds, Stopping threads took: 0.0078380 seconds
2018-03-06T17:18:20.248+0000: 66.882: Total time for which application threads were stopped: 0.0004967 seconds, Stopping threads took: 0.0000668 seconds
2018-03-06T17:18:20.249+0000: 66.883: Total time for which application threads were stopped: 0.0004116 seconds, Stopping threads took: 0.0000354 seconds
2018-03-06T17:18:20.311+0000: 66.945: Total time for which application threads were stopped: 0.0151098 seconds, Stopping threads took: 0.0146948 seconds
2018-03-06T17:18:20.333+0000: 66.967: Total time for which application threads were stopped: 0.0032869 seconds, Stopping threads took: 0.0027800 seconds
2018-03-06T17:18:20.366+0000: 67.000: Total time for which application threads were stopped: 0.0097432 seconds, Stopping threads took: 0.0092966 seconds
2018-03-06T17:18:20.374+0000: 67.008: Total time for which application threads were stopped: 0.0030783 seconds, Stopping threads took: 0.0026180 seconds
2018-03-06T17:18:20.888+0000: 67.522: Total time for which application threads were stopped: 0.0011599 seconds, Stopping threads took: 0.0002452 seconds
2018-03-06T17:18:21.269+0000: 67.903: Total time for which application threads were stopped: 0.0006995 seconds, Stopping threads took: 0.0003251 seconds
2018-03-06T17:18:21.270+0000: 67.904: Total time for which application threads were stopped: 0.0008222 seconds, Stopping threads took: 0.0000314 seconds
2018-03-06T17:18:22.212+0000: 68.846: Total time for which application threads were stopped: 0.0004887 seconds, Stopping threads took: 0.0001712 seconds
2018-03-06T17:18:22.331+0000: 68.964: Total time for which application threads were stopped: 0.0005237 seconds, Stopping threads took: 0.0001937 seconds
2018-03-06T17:18:22.352+0000: 68.986: Total time for which application threads were stopped: 0.0004905 seconds, Stopping threads took: 0.0000853 seconds
2018-03-06T17:18:22.353+0000: 68.987: Total time for which application threads were stopped: 0.0003538 seconds, Stopping threads took: 0.0000308 seconds
2018-03-06T17:18:22.355+0000: 68.988: Total time for which application threads were stopped: 0.0004751 seconds, Stopping threads took: 0.0000785 seconds
2018-03-06T17:18:22.585+0000: 69.219: Total time for which application threads were stopped: 0.0004086 seconds, Stopping threads took: 0.0001117 seconds
2018-03-06T17:18:22.591+0000: 69.225: Total time for which application threads were stopped: 0.0006547 seconds, Stopping threads took: 0.0003499 seconds
{Heap before GC invocations=9 (full 1):
 par new generation   total 109248K, used 99713K [0x00000000e0000000, 0x00000000e8000000, 0x00000000e8000000)
  eden space 87424K, 100% used [0x00000000e0000000, 0x00000000e5560000, 0x00000000e5560000)
  from space 21824K,  56% used [0x00000000e6ab0000, 0x00000000e76b0420, 0x00000000e8000000)
  to   space 21824K,   0% used [0x00000000e5560000, 0x00000000e5560000, 0x00000000e6ab0000)
 concurrent mark-sweep generation total 393216K, used 6812K [0x00000000e8000000, 0x0000000100000000, 0x0000000100000000)
 Metaspace       used 30888K, capacity 31650K, committed 31812K, reserved 1077248K
  class space    used 3636K, capacity 3857K, committed 3936K, reserved 1048576K
2018-03-06T17:18:23.379+0000: 70.012: [GC (Allocation Failure) 2018-03-06T17:18:23.379+0000: 70.013: [ParNew
Desired survivor size 20112992 bytes, new threshold 8 (max 8)
- age   1:    5595504 bytes,    5595504 total
- age   2:     819040 bytes,    6414544 total
- age   3:     193688 bytes,    6608232 total
- age   4:     152448 bytes,    6760680 total
- age   5:     656472 bytes,    7417152 total
- age   6:     138272 bytes,    7555424 total
- age   7:     339576 bytes,    7895000 total
- age   8:       1568 bytes,    7896568 total
: 99713K->9617K(109248K), 0.1776090 secs] 106525K->19243K(502464K), 0.1848523 secs] [Times: user=0.18 sys=0.01, real=0.19 secs] 
Heap after GC invocations=10 (full 1):
 par new generation   total 109248K, used 9617K [0x00000000e0000000, 0x00000000e8000000, 0x00000000e8000000)
  eden space 87424K,   0% used [0x00000000e0000000, 0x00000000e0000000, 0x00000000e5560000)
  from space 21824K,  44% used [0x00000000e5560000, 0x00000000e5ec46f0, 0x00000000e6ab0000)
  to   space 21824K,   0% used [0x00000000e6ab0000, 0x00000000e6ab0000, 0x00000000e8000000)
 concurrent mark-sweep generation total 393216K, used 9626K [0x00000000e8000000, 0x0000000100000000, 0x0000000100000000)
 Metaspace       used 30888K, capacity 31650K, committed 31812K, reserved 1077248K
  class space    used 3636K, capacity 3857K, committed 3936K, reserved 1048576K
}
2018-03-06T17:18:23.564+0000: 70.198: Total time for which application threads were stopped: 0.1893688 seconds, Stopping threads took: 0.0031230 seconds
2018-03-06T17:18:23.574+0000: 70.208: Total time for which application threads were stopped: 0.0013298 seconds, Stopping threads took: 0.0008572 seconds
2018-03-06T17:18:24.578+0000: 71.212: Total time for which application threads were stopped: 0.0026160 seconds, Stopping threads took: 0.0022391 seconds
2018-03-06T17:18:24.927+0000: 71.561: Total time for which application threads were stopped: 0.0117463 seconds, Stopping threads took: 0.0114430 seconds
2018-03-06T17:18:24.929+0000: 71.563: Total time for which application threads were stopped: 0.0002789 seconds, Stopping threads took: 0.0000588 seconds
2018-03-06T17:18:25.854+0000: 72.488: Total time for which application threads were stopped: 0.0006152 seconds, Stopping threads took: 0.0001268 seconds
2018-03-06T17:18:25.855+0000: 72.489: Total time for which application threads were stopped: 0.0004148 seconds, Stopping threads took: 0.0000469 seconds
2018-03-06T17:18:25.962+0000: 72.596: Total time for which application threads were stopped: 0.0125761 seconds, Stopping threads took: 0.0116731 seconds
2018-03-06T17:18:26.001+0000: 72.635: Total time for which application threads were stopped: 0.0033551 seconds, Stopping threads took: 0.0027163 seconds
2018-03-06T17:18:26.004+0000: 72.638: Total time for which application threads were stopped: 0.0007076 seconds, Stopping threads took: 0.0002431 seconds
2018-03-06T17:18:26.010+0000: 72.643: Total time for which application threads were stopped: 0.0032646 seconds, Stopping threads took: 0.0025612 seconds
2018-03-06T17:18:26.021+0000: 72.655: Total time for which application threads were stopped: 0.0006124 seconds, Stopping threads took: 0.0000787 seconds
2018-03-06T17:18:26.032+0000: 72.666: Total time for which application threads were stopped: 0.0005050 seconds, Stopping threads took: 0.0000778 seconds
2018-03-06T17:18:26.067+0000: 72.700: Total time for which application threads were stopped: 0.0005505 seconds, Stopping threads took: 0.0000807 seconds
2018-03-06T17:18:26.170+0000: 72.803: Total time for which application threads were stopped: 0.0153393 seconds, Stopping threads took: 0.0147336 seconds
2018-03-06T17:18:26.231+0000: 72.865: Total time for which application threads were stopped: 0.0146768 seconds, Stopping threads took: 0.0140786 seconds
2018-03-06T17:18:26.233+0000: 72.866: Total time for which application threads were stopped: 0.0005446 seconds, Stopping threads took: 0.0000602 seconds
2018-03-06T17:18:26.234+0000: 72.867: Total time for which application threads were stopped: 0.0006085 seconds, Stopping threads took: 0.0000492 seconds
2018-03-06T17:18:26.235+0000: 72.868: Total time for which application threads were stopped: 0.0004871 seconds, Stopping threads took: 0.0000673 seconds
2018-03-06T17:18:26.236+0000: 72.869: Total time for which application threads were stopped: 0.0004420 seconds, Stopping threads took: 0.0000607 seconds
2018-03-06T17:18:26.237+0000: 72.870: Total time for which application threads were stopped: 0.0004213 seconds, Stopping threads took: 0.0000565 seconds
2018-03-06T17:18:26.252+0000: 72.885: Total time for which application threads were stopped: 0.0056868 seconds, Stopping threads took: 0.0050203 seconds
2018-03-06T17:18:26.464+0000: 73.098: Total time for which application threads were stopped: 0.0089635 seconds, Stopping threads took: 0.0077585 seconds
2018-03-06T17:18:26.468+0000: 73.102: Total time for which application threads were stopped: 0.0005414 seconds, Stopping threads took: 0.0000668 seconds
2018-03-06T17:18:26.572+0000: 73.206: Total time for which application threads were stopped: 0.0052519 seconds, Stopping threads took: 0.0046342 seconds
2018-03-06T17:18:26.573+0000: 73.207: Total time for which application threads were stopped: 0.0005769 seconds, Stopping threads took: 0.0000567 seconds
2018-03-06T17:18:26.652+0000: 73.286: Total time for which application threads were stopped: 0.0029237 seconds, Stopping threads took: 0.0023245 seconds
2018-03-06T17:18:26.653+0000: 73.287: Total time for which application threads were stopped: 0.0005096 seconds, Stopping threads took: 0.0000553 seconds
2018-03-06T17:18:27.658+0000: 74.292: Total time for which application threads were stopped: 0.0037858 seconds, Stopping threads took: 0.0033423 seconds
2018-03-06T17:18:27.775+0000: 74.409: Total time for which application threads were stopped: 0.0006492 seconds, Stopping threads took: 0.0001651 seconds
2018-03-06T17:18:28.199+0000: 74.832: Total time for which application threads were stopped: 0.0026929 seconds, Stopping threads took: 0.0022510 seconds
2018-03-06T17:18:28.209+0000: 74.843: Total time for which application threads were stopped: 0.0014754 seconds, Stopping threads took: 0.0011249 seconds
2018-03-06T17:18:28.215+0000: 74.848: Total time for which application threads were stopped: 0.0008757 seconds, Stopping threads took: 0.0003280 seconds
2018-03-06T17:18:28.319+0000: 74.952: Total time for which application threads were stopped: 0.0018017 seconds, Stopping threads took: 0.0014461 seconds
2018-03-06T17:18:28.330+0000: 74.964: Total time for which application threads were stopped: 0.0031484 seconds, Stopping threads took: 0.0027145 seconds
2018-03-06T17:18:28.454+0000: 75.087: Total time for which application threads were stopped: 0.0007615 seconds, Stopping threads took: 0.0001976 seconds
2018-03-06T17:18:28.600+0000: 75.233: Total time for which application threads were stopped: 0.0019329 seconds, Stopping threads took: 0.0007240 seconds
2018-03-06T17:18:28.834+0000: 75.468: Total time for which application threads were stopped: 0.0004695 seconds, Stopping threads took: 0.0000807 seconds
2018-03-06T17:18:28.956+0000: 75.590: Total time for which application threads were stopped: 0.0015208 seconds, Stopping threads took: 0.0001984 seconds
2018-03-06T17:18:28.965+0000: 75.599: Total time for which application threads were stopped: 0.0005811 seconds, Stopping threads took: 0.0002334 seconds
2018-03-06T17:18:28.993+0000: 75.627: Total time for which application threads were stopped: 0.0008666 seconds, Stopping threads took: 0.0003832 seconds
2018-03-06T17:18:29.014+0000: 75.648: Total time for which application threads were stopped: 0.0007809 seconds, Stopping threads took: 0.0002208 seconds
2018-03-06T17:18:29.015+0000: 75.648: Total time for which application threads were stopped: 0.0004508 seconds, Stopping threads took: 0.0001026 seconds
2018-03-06T17:18:29.015+0000: 75.649: Total time for which application threads were stopped: 0.0003197 seconds, Stopping threads took: 0.0000302 seconds
2018-03-06T17:18:29.022+0000: 75.656: Total time for which application threads were stopped: 0.0005458 seconds, Stopping threads took: 0.0001481 seconds
2018-03-06T17:18:29.214+0000: 75.848: Total time for which application threads were stopped: 0.0004726 seconds, Stopping threads took: 0.0001683 seconds
2018-03-06T17:18:29.215+0000: 75.848: Total time for which application threads were stopped: 0.0002370 seconds, Stopping threads took: 0.0000442 seconds
2018-03-06T17:18:29.215+0000: 75.849: Total time for which application threads were stopped: 0.0002516 seconds, Stopping threads took: 0.0000486 seconds
2018-03-06T17:18:29.217+0000: 75.850: Total time for which application threads were stopped: 0.0003664 seconds, Stopping threads took: 0.0000918 seconds
2018-03-06T17:18:29.244+0000: 75.878: Total time for which application threads were stopped: 0.0005965 seconds, Stopping threads took: 0.0002267 seconds
2018-03-06T17:18:29.407+0000: 76.041: Total time for which application threads were stopped: 0.0007121 seconds, Stopping threads took: 0.0002920 seconds
2018-03-06T17:18:29.583+0000: 76.216: Total time for which application threads were stopped: 0.0021388 seconds, Stopping threads took: 0.0017288 seconds
2018-03-06T17:18:29.628+0000: 76.261: Total time for which application threads were stopped: 0.0004742 seconds, Stopping threads took: 0.0001713 seconds
2018-03-06T17:18:29.633+0000: 76.267: Total time for which application threads were stopped: 0.0008995 seconds, Stopping threads took: 0.0000839 seconds
{Heap before GC invocations=10 (full 1):
 par new generation   total 109248K, used 97041K [0x00000000e0000000, 0x00000000e8000000, 0x00000000e8000000)
  eden space 87424K, 100% used [0x00000000e0000000, 0x00000000e5560000, 0x00000000e5560000)
  from space 21824K,  44% used [0x00000000e5560000, 0x00000000e5ec46f0, 0x00000000e6ab0000)
  to   space 21824K,   0% used [0x00000000e6ab0000, 0x00000000e6ab0000, 0x00000000e8000000)
 concurrent mark-sweep generation total 393216K, used 9626K [0x00000000e8000000, 0x0000000100000000, 0x0000000100000000)
 Metaspace       used 32179K, capacity 33302K, committed 33476K, reserved 1079296K
  class space    used 3783K, capacity 4045K, committed 4064K, reserved 1048576K
2018-03-06T17:18:29.816+0000: 76.449: [GC (Allocation Failure) 2018-03-06T17:18:29.816+0000: 76.450: [ParNew
Desired survivor size 20112992 bytes, new threshold 8 (max 8)
- age   1:    7958920 bytes,    7958920 total
- age   2:    2556248 bytes,   10515168 total
- age   3:     817712 bytes,   11332880 total
- age   4:     192712 bytes,   11525592 total
- age   5:     150656 bytes,   11676248 total
- age   6:     629096 bytes,   12305344 total
- age   7:     137376 bytes,   12442720 total
- age   8:     338080 bytes,   12780800 total
: 97041K->18549K(109248K), 0.1330970 secs] 106667K->28177K(502464K), 0.1344279 secs] [Times: user=0.13 sys=0.01, real=0.14 secs] 
Heap after GC invocations=11 (full 1):
 par new generation   total 109248K, used 18549K [0x00000000e0000000, 0x00000000e8000000, 0x00000000e8000000)
  eden space 87424K,   0% used [0x00000000e0000000, 0x00000000e0000000, 0x00000000e5560000)
  from space 21824K,  84% used [0x00000000e6ab0000, 0x00000000e7ccd778, 0x00000000e8000000)
  to   space 21824K,   0% used [0x00000000e5560000, 0x00000000e5560000, 0x00000000e6ab0000)
 concurrent mark-sweep generation total 393216K, used 9627K [0x00000000e8000000, 0x0000000100000000, 0x0000000100000000)
 Metaspace       used 32179K, capacity 33302K, committed 33476K, reserved 1079296K
  class space    used 3783K, capacity 4045K, committed 4064K, reserved 1048576K
}
2018-03-06T17:18:29.951+0000: 76.585: Total time for which application threads were stopped: 0.1361413 seconds, Stopping threads took: 0.0001534 seconds
2018-03-06T17:18:29.954+0000: 76.587: Total time for which application threads were stopped: 0.0005806 seconds, Stopping threads took: 0.0000656 seconds
2018-03-06T17:18:29.956+0000: 76.590: Total time for which application threads were stopped: 0.0005393 seconds, Stopping threads took: 0.0000648 seconds
2018-03-06T17:18:29.957+0000: 76.590: Total time for which application threads were stopped: 0.0002613 seconds, Stopping threads took: 0.0000343 seconds
2018-03-06T17:18:29.958+0000: 76.591: Total time for which application threads were stopped: 0.0005280 seconds, Stopping threads took: 0.0000510 seconds
2018-03-06T17:18:29.966+0000: 76.600: Total time for which application threads were stopped: 0.0003515 seconds, Stopping threads took: 0.0000652 seconds
2018-03-06T17:18:29.967+0000: 76.600: Total time for which application threads were stopped: 0.0002310 seconds, Stopping threads took: 0.0000296 seconds
2018-03-06T17:18:29.967+0000: 76.601: Total time for which application threads were stopped: 0.0002262 seconds, Stopping threads took: 0.0000277 seconds
2018-03-06T17:18:29.968+0000: 76.601: Total time for which application threads were stopped: 0.0002908 seconds, Stopping threads took: 0.0000317 seconds
2018-03-06T17:18:29.968+0000: 76.602: Total time for which application threads were stopped: 0.0003141 seconds, Stopping threads took: 0.0000308 seconds
2018-03-06T17:18:29.971+0000: 76.605: Total time for which application threads were stopped: 0.0005595 seconds, Stopping threads took: 0.0000718 seconds
2018-03-06T17:18:29.972+0000: 76.605: Total time for which application threads were stopped: 0.0002649 seconds, Stopping threads took: 0.0000346 seconds
2018-03-06T17:18:29.972+0000: 76.606: Total time for which application threads were stopped: 0.0002213 seconds, Stopping threads took: 0.0000276 seconds
2018-03-06T17:18:29.973+0000: 76.606: Total time for which application threads were stopped: 0.0002116 seconds, Stopping threads took: 0.0000272 seconds
2018-03-06T17:18:29.974+0000: 76.607: Total time for which application threads were stopped: 0.0004054 seconds, Stopping threads took: 0.0000523 seconds
2018-03-06T17:18:29.979+0000: 76.613: Total time for which application threads were stopped: 0.0010880 seconds, Stopping threads took: 0.0008267 seconds
2018-03-06T17:18:29.980+0000: 76.613: Total time for which application threads were stopped: 0.0002600 seconds, Stopping threads took: 0.0000336 seconds
2018-03-06T17:18:29.981+0000: 76.614: Total time for which application threads were stopped: 0.0006338 seconds, Stopping threads took: 0.0000309 seconds
2018-03-06T17:18:29.990+0000: 76.624: Total time for which application threads were stopped: 0.0048678 seconds, Stopping threads took: 0.0044307 seconds
2018-03-06T17:18:29.991+0000: 76.625: Total time for which application threads were stopped: 0.0004481 seconds, Stopping threads took: 0.0000719 seconds
2018-03-06T17:18:29.994+0000: 76.627: Total time for which application threads were stopped: 0.0005403 seconds, Stopping threads took: 0.0001672 seconds
2018-03-06T17:18:29.998+0000: 76.632: Total time for which application threads were stopped: 0.0007811 seconds, Stopping threads took: 0.0003210 seconds
2018-03-06T17:18:30.188+0000: 76.822: Total time for which application threads were stopped: 0.0015103 seconds, Stopping threads took: 0.0003874 seconds
2018-03-06T17:18:30.478+0000: 77.112: Total time for which application threads were stopped: 0.0027255 seconds, Stopping threads took: 0.0022257 seconds
2018-03-06T17:18:30.480+0000: 77.114: Total time for which application threads were stopped: 0.0004203 seconds, Stopping threads took: 0.0000592 seconds
2018-03-06T17:18:30.488+0000: 77.122: Total time for which application threads were stopped: 0.0006742 seconds, Stopping threads took: 0.0002777 seconds
2018-03-06T17:18:31.508+0000: 78.142: Total time for which application threads were stopped: 0.0011069 seconds, Stopping threads took: 0.0004326 seconds
2018-03-06T17:18:31.583+0000: 78.216: Total time for which application threads were stopped: 0.0062029 seconds, Stopping threads took: 0.0056528 seconds
2018-03-06T17:18:31.723+0000: 78.356: Total time for which application threads were stopped: 0.0075114 seconds, Stopping threads took: 0.0069186 seconds
2018-03-06T17:18:31.732+0000: 78.365: Total time for which application threads were stopped: 0.0016994 seconds, Stopping threads took: 0.0001199 seconds
2018-03-06T17:18:31.748+0000: 78.382: Total time for which application threads were stopped: 0.0047054 seconds, Stopping threads took: 0.0040687 seconds
2018-03-06T17:18:32.314+0000: 78.948: Total time for which application threads were stopped: 0.0029423 seconds, Stopping threads took: 0.0009135 seconds
2018-03-06T17:18:32.634+0000: 79.268: Total time for which application threads were stopped: 0.0075120 seconds, Stopping threads took: 0.0069965 seconds
2018-03-06T17:18:32.934+0000: 79.568: Total time for which application threads were stopped: 0.0011476 seconds, Stopping threads took: 0.0006095 seconds
{Heap before GC invocations=11 (full 1):
 par new generation   total 109248K, used 105973K [0x00000000e0000000, 0x00000000e8000000, 0x00000000e8000000)
  eden space 87424K, 100% used [0x00000000e0000000, 0x00000000e5560000, 0x00000000e5560000)
  from space 21824K,  84% used [0x00000000e6ab0000, 0x00000000e7ccd778, 0x00000000e8000000)
  to   space 21824K,   0% used [0x00000000e5560000, 0x00000000e5560000, 0x00000000e6ab0000)
 concurrent mark-sweep generation total 393216K, used 9627K [0x00000000e8000000, 0x0000000100000000, 0x0000000100000000)
 Metaspace       used 34055K, capacity 35088K, committed 35268K, reserved 1081344K
  class space    used 4051K, capacity 4310K, committed 4320K, reserved 1048576K
2018-03-06T17:18:33.435+0000: 80.069: [GC (Allocation Failure) 2018-03-06T17:18:33.436+0000: 80.069: [ParNew
Desired survivor size 20112992 bytes, new threshold 8 (max 8)
- age   1:    5450520 bytes,    5450520 total
- age   2:    6776080 bytes,   12226600 total
- age   3:    2310288 bytes,   14536888 total
- age   4:     817392 bytes,   15354280 total
- age   5:     192680 bytes,   15546960 total
- age   6:     140320 bytes,   15687280 total
- age   7:     628776 bytes,   16316056 total
- age   8:     137008 bytes,   16453064 total
: 105973K->19684K(109248K), 0.1565246 secs] 115601K->29647K(502464K), 0.1576857 secs] [Times: user=0.15 sys=0.00, real=0.16 secs] 
Heap after GC invocations=12 (full 1):
 par new generation   total 109248K, used 19684K [0x00000000e0000000, 0x00000000e8000000, 0x00000000e8000000)
  eden space 87424K,   0% used [0x00000000e0000000, 0x00000000e0000000, 0x00000000e5560000)
  from space 21824K,  90% used [0x00000000e5560000, 0x00000000e6899358, 0x00000000e6ab0000)
  to   space 21824K,   0% used [0x00000000e6ab0000, 0x00000000e6ab0000, 0x00000000e8000000)
 concurrent mark-sweep generation total 393216K, used 9962K [0x00000000e8000000, 0x0000000100000000, 0x0000000100000000)
 Metaspace       used 34055K, capacity 35088K, committed 35268K, reserved 1081344K
  class space    used 4051K, capacity 4310K, committed 4320K, reserved 1048576K
}
2018-03-06T17:18:33.594+0000: 80.227: Total time for which application threads were stopped: 0.1597766 seconds, Stopping threads took: 0.0002207 seconds
2018-03-06T17:18:33.607+0000: 80.240: Total time for which application threads were stopped: 0.0067400 seconds, Stopping threads took: 0.0063338 seconds
2018-03-06T17:18:34.386+0000: 81.019: Total time for which application threads were stopped: 0.0014666 seconds, Stopping threads took: 0.0001926 seconds
2018-03-06T17:18:34.431+0000: 81.064: Total time for which application threads were stopped: 0.0005035 seconds, Stopping threads took: 0.0001208 seconds
2018-03-06T17:18:35.434+0000: 82.068: Total time for which application threads were stopped: 0.0032410 seconds, Stopping threads took: 0.0028687 seconds
2018-03-06T17:18:35.971+0000: 82.604: Total time for which application threads were stopped: 0.0006463 seconds, Stopping threads took: 0.0001862 seconds
2018-03-06T17:18:35.972+0000: 82.605: Total time for which application threads were stopped: 0.0003910 seconds, Stopping threads took: 0.0000622 seconds
2018-03-06T17:18:36.043+0000: 82.676: Total time for which application threads were stopped: 0.0004889 seconds, Stopping threads took: 0.0001698 seconds
2018-03-06T17:18:36.043+0000: 82.677: Total time for which application threads were stopped: 0.0003090 seconds, Stopping threads took: 0.0000435 seconds
2018-03-06T17:18:36.372+0000: 83.005: Total time for which application threads were stopped: 0.0005444 seconds, Stopping threads took: 0.0001227 seconds
2018-03-06T17:18:37.378+0000: 84.012: Total time for which application threads were stopped: 0.0061292 seconds, Stopping threads took: 0.0057554 seconds
{Heap before GC invocations=12 (full 1):
 par new generation   total 109248K, used 107078K [0x00000000e0000000, 0x00000000e8000000, 0x00000000e8000000)
  eden space 87424K,  99% used [0x00000000e0000000, 0x00000000e55587a8, 0x00000000e5560000)
  from space 21824K,  90% used [0x00000000e5560000, 0x00000000e6899358, 0x00000000e6ab0000)
  to   space 21824K,   0% used [0x00000000e6ab0000, 0x00000000e6ab0000, 0x00000000e8000000)
 concurrent mark-sweep generation total 393216K, used 9962K [0x00000000e8000000, 0x0000000100000000, 0x0000000100000000)
 Metaspace       used 34367K, capacity 35432K, committed 35652K, reserved 1081344K
  class space    used 4075K, capacity 4336K, committed 4448K, reserved 1048576K
2018-03-06T17:18:38.040+0000: 84.674: [GC (Allocation Failure) 2018-03-06T17:18:38.041+0000: 84.674: [ParNew
Desired survivor size 20112992 bytes, new threshold 8 (max 8)
- age   1:    3190904 bytes,    3190904 total
- age   2:    2886000 bytes,    6076904 total
- age   3:    6525304 bytes,   12602208 total
- age   4:    2263272 bytes,   14865480 total
- age   5:     817280 bytes,   15682760 total
- age   6:     192680 bytes,   15875440 total
- age   7:     140304 bytes,   16015744 total
- age   8:     627944 bytes,   16643688 total
: 107078K->21824K(109248K), 0.1622625 secs] 117041K->31924K(502464K), 0.1640592 secs] [Times: user=0.16 sys=0.01, real=0.17 secs] 
Heap after GC invocations=13 (full 1):
 par new generation   total 109248K, used 21824K [0x00000000e0000000, 0x00000000e8000000, 0x00000000e8000000)
  eden space 87424K,   0% used [0x00000000e0000000, 0x00000000e0000000, 0x00000000e5560000)
  from space 21824K, 100% used [0x00000000e6ab0000, 0x00000000e8000000, 0x00000000e8000000)
  to   space 21824K,   0% used [0x00000000e5560000, 0x00000000e5560000, 0x00000000e6ab0000)
 concurrent mark-sweep generation total 393216K, used 10100K [0x00000000e8000000, 0x0000000100000000, 0x0000000100000000)
 Metaspace       used 34367K, capacity 35432K, committed 35652K, reserved 1081344K
  class space    used 4075K, capacity 4336K, committed 4448K, reserved 1048576K
}
2018-03-06T17:18:38.205+0000: 84.839: Total time for which application threads were stopped: 0.1658982 seconds, Stopping threads took: 0.0001781 seconds
2018-03-06T17:18:38.210+0000: 84.844: Total time for which application threads were stopped: 0.0013707 seconds, Stopping threads took: 0.0009502 seconds
2018-03-06T17:18:38.211+0000: 84.844: Total time for which application threads were stopped: 0.0003997 seconds, Stopping threads took: 0.0000334 seconds
2018-03-06T17:18:38.220+0000: 84.853: Total time for which application threads were stopped: 0.0058359 seconds, Stopping threads took: 0.0054171 seconds
2018-03-06T17:18:38.220+0000: 84.854: Total time for which application threads were stopped: 0.0001998 seconds, Stopping threads took: 0.0000345 seconds
2018-03-06T17:18:38.221+0000: 84.855: Total time for which application threads were stopped: 0.0003454 seconds, Stopping threads took: 0.0001680 seconds
2018-03-06T17:18:38.233+0000: 84.867: Total time for which application threads were stopped: 0.0069771 seconds, Stopping threads took: 0.0066740 seconds
{Heap before GC invocations=13 (full 1):
 par new generation   total 109248K, used 109248K [0x00000000e0000000, 0x00000000e8000000, 0x00000000e8000000)
  eden space 87424K, 100% used [0x00000000e0000000, 0x00000000e5560000, 0x00000000e5560000)
  from space 21824K, 100% used [0x00000000e6ab0000, 0x00000000e8000000, 0x00000000e8000000)
  to   space 21824K,   0% used [0x00000000e5560000, 0x00000000e5560000, 0x00000000e6ab0000)
 concurrent mark-sweep generation total 393216K, used 10100K [0x00000000e8000000, 0x0000000100000000, 0x0000000100000000)
 Metaspace       used 34387K, capacity 35450K, committed 35652K, reserved 1081344K
  class space    used 4077K, capacity 4339K, committed 4448K, reserved 1048576K
2018-03-06T17:18:39.091+0000: 85.724: [GC (Allocation Failure) 2018-03-06T17:18:39.091+0000: 85.725: [ParNew
Desired survivor size 20112992 bytes, new threshold 8 (max 8)
- age   1:     140024 bytes,     140024 total
- age   2:    2431264 bytes,    2571288 total
- age   3:    2876200 bytes,    5447488 total
- age   4:    6525304 bytes,   11972792 total
- age   5:    2263272 bytes,   14236064 total
- age   6:     817280 bytes,   15053344 total
- age   7:     192680 bytes,   15246024 total
- age   8:     140304 bytes,   15386328 total
: 109248K->20359K(109248K), 0.1323650 secs] 119348K->31082K(502464K), 0.1337074 secs] [Times: user=0.13 sys=0.01, real=0.13 secs] 
Heap after GC invocations=14 (full 1):
 par new generation   total 109248K, used 20359K [0x00000000e0000000, 0x00000000e8000000, 0x00000000e8000000)
  eden space 87424K,   0% used [0x00000000e0000000, 0x00000000e0000000, 0x00000000e5560000)
  from space 21824K,  93% used [0x00000000e5560000, 0x00000000e6941d50, 0x00000000e6ab0000)
  to   space 21824K,   0% used [0x00000000e6ab0000, 0x00000000e6ab0000, 0x00000000e8000000)
 concurrent mark-sweep generation total 393216K, used 10723K [0x00000000e8000000, 0x0000000100000000, 0x0000000100000000)
 Metaspace       used 34387K, capacity 35450K, committed 35652K, reserved 1081344K
  class space    used 4077K, capacity 4339K, committed 4448K, reserved 1048576K
}
2018-03-06T17:18:39.226+0000: 85.859: Total time for which application threads were stopped: 0.1356301 seconds, Stopping threads took: 0.0001661 seconds
2018-03-06T17:18:39.237+0000: 85.870: Total time for which application threads were stopped: 0.0023671 seconds, Stopping threads took: 0.0018919 seconds
2018-03-06T17:18:39.237+0000: 85.871: Total time for which application threads were stopped: 0.0002772 seconds, Stopping threads took: 0.0000353 seconds
2018-03-06T17:18:39.245+0000: 85.879: Total time for which application threads were stopped: 0.0033726 seconds, Stopping threads took: 0.0030468 seconds
2018-03-06T17:18:39.247+0000: 85.881: Total time for which application threads were stopped: 0.0003382 seconds, Stopping threads took: 0.0000751 seconds
2018-03-06T17:18:39.247+0000: 85.881: Total time for which application threads were stopped: 0.0002259 seconds, Stopping threads took: 0.0000283 seconds
2018-03-06T17:18:39.259+0000: 85.893: Total time for which application threads were stopped: 0.0052696 seconds, Stopping threads took: 0.0049704 seconds
2018-03-06T17:18:39.260+0000: 85.893: Total time for which application threads were stopped: 0.0002423 seconds, Stopping threads took: 0.0000488 seconds
2018-03-06T17:18:39.260+0000: 85.894: Total time for which application threads were stopped: 0.0002119 seconds, Stopping threads took: 0.0000430 seconds
2018-03-06T17:18:39.265+0000: 85.898: Total time for which application threads were stopped: 0.0014711 seconds, Stopping threads took: 0.0011866 seconds
2018-03-06T17:18:39.265+0000: 85.899: Total time for which application threads were stopped: 0.0002632 seconds, Stopping threads took: 0.0000515 seconds
2018-03-06T17:18:39.266+0000: 85.900: Total time for which application threads were stopped: 0.0002563 seconds, Stopping threads took: 0.0000497 seconds
2018-03-06T17:18:39.270+0000: 85.903: Total time for which application threads were stopped: 0.0013499 seconds, Stopping threads took: 0.0008763 seconds
2018-03-06T17:18:39.270+0000: 85.904: Total time for which application threads were stopped: 0.0002355 seconds, Stopping threads took: 0.0000303 seconds
2018-03-06T17:18:39.271+0000: 85.904: Total time for which application threads were stopped: 0.0002154 seconds, Stopping threads took: 0.0000270 seconds
2018-03-06T17:18:39.276+0000: 85.910: Total time for which application threads were stopped: 0.0020724 seconds, Stopping threads took: 0.0017885 seconds
2018-03-06T17:18:39.277+0000: 85.910: Total time for which application threads were stopped: 0.0002236 seconds, Stopping threads took: 0.0000447 seconds
2018-03-06T17:18:39.278+0000: 85.912: Total time for which application threads were stopped: 0.0010787 seconds, Stopping threads took: 0.0000439 seconds
2018-03-06T17:18:40.281+0000: 86.915: Total time for which application threads were stopped: 0.0006323 seconds, Stopping threads took: 0.0001553 seconds
2018-03-06T17:18:41.282+0000: 87.916: Total time for which application threads were stopped: 0.0006172 seconds, Stopping threads took: 0.0002370 seconds
2018-03-06T17:18:41.718+0000: 88.352: Total time for which application threads were stopped: 0.0004312 seconds, Stopping threads took: 0.0001444 seconds
2018-03-06T17:18:41.719+0000: 88.352: Total time for which application threads were stopped: 0.0002386 seconds, Stopping threads took: 0.0000733 seconds
2018-03-06T17:18:41.795+0000: 88.434: Total time for which application threads were stopped: 0.0126441 seconds, Stopping threads took: 0.0058349 seconds
2018-03-06T17:18:42.518+0000: 89.152: Total time for which application threads were stopped: 0.0006840 seconds, Stopping threads took: 0.0002536 seconds
2018-03-06T17:18:42.539+0000: 89.173: Total time for which application threads were stopped: 0.0003207 seconds, Stopping threads took: 0.0000785 seconds
2018-03-06T17:18:42.539+0000: 89.173: Total time for which application threads were stopped: 0.0001897 seconds, Stopping threads took: 0.0000324 seconds
2018-03-06T17:18:42.540+0000: 89.173: Total time for which application threads were stopped: 0.0001650 seconds, Stopping threads took: 0.0000254 seconds
2018-03-06T17:18:42.540+0000: 89.174: Total time for which application threads were stopped: 0.0001882 seconds, Stopping threads took: 0.0000328 seconds
2018-03-06T17:18:42.541+0000: 89.174: Total time for which application threads were stopped: 0.0001921 seconds, Stopping threads took: 0.0000266 seconds
2018-03-06T17:18:42.541+0000: 89.175: Total time for which application threads were stopped: 0.0001840 seconds, Stopping threads took: 0.0000311 seconds
2018-03-06T17:18:42.542+0000: 89.175: Total time for which application threads were stopped: 0.0001817 seconds, Stopping threads took: 0.0000293 seconds
2018-03-06T17:18:42.542+0000: 89.176: Total time for which application threads were stopped: 0.0002149 seconds, Stopping threads took: 0.0000293 seconds
2018-03-06T17:18:42.763+0000: 89.396: Total time for which application threads were stopped: 0.0074586 seconds, Stopping threads took: 0.0071364 seconds
2018-03-06T17:18:42.767+0000: 89.400: Total time for which application threads were stopped: 0.0004688 seconds, Stopping threads took: 0.0001655 seconds
2018-03-06T17:18:42.768+0000: 89.402: Total time for which application threads were stopped: 0.0002838 seconds, Stopping threads took: 0.0000569 seconds
2018-03-06T17:18:42.769+0000: 89.402: Total time for which application threads were stopped: 0.0001412 seconds, Stopping threads took: 0.0000254 seconds
2018-03-06T17:18:42.769+0000: 89.403: Total time for which application threads were stopped: 0.0001610 seconds, Stopping threads took: 0.0000299 seconds
2018-03-06T17:18:42.769+0000: 89.403: Total time for which application threads were stopped: 0.0001468 seconds, Stopping threads took: 0.0000277 seconds
2018-03-06T17:18:42.770+0000: 89.404: Total time for which application threads were stopped: 0.0002861 seconds, Stopping threads took: 0.0000240 seconds
2018-03-06T17:18:42.770+0000: 89.404: Total time for which application threads were stopped: 0.0001836 seconds, Stopping threads took: 0.0000245 seconds
2018-03-06T17:18:42.773+0000: 89.406: Total time for which application threads were stopped: 0.0002804 seconds, Stopping threads took: 0.0000642 seconds
2018-03-06T17:18:42.773+0000: 89.407: Total time for which application threads were stopped: 0.0001702 seconds, Stopping threads took: 0.0000329 seconds
2018-03-06T17:18:42.774+0000: 89.407: Total time for which application threads were stopped: 0.0001817 seconds, Stopping threads took: 0.0000619 seconds
2018-03-06T17:18:42.774+0000: 89.407: Total time for which application threads were stopped: 0.0001336 seconds, Stopping threads took: 0.0000253 seconds
2018-03-06T17:18:42.775+0000: 89.409: Total time for which application threads were stopped: 0.0002618 seconds, Stopping threads took: 0.0000613 seconds
2018-03-06T17:18:42.776+0000: 89.409: Total time for which application threads were stopped: 0.0001494 seconds, Stopping threads took: 0.0000291 seconds
2018-03-06T17:18:42.781+0000: 89.415: Total time for which application threads were stopped: 0.0003379 seconds, Stopping threads took: 0.0001174 seconds
2018-03-06T17:18:42.782+0000: 89.416: Total time for which application threads were stopped: 0.0001740 seconds, Stopping threads took: 0.0000350 seconds
2018-03-06T17:18:42.784+0000: 89.417: Total time for which application threads were stopped: 0.0002798 seconds, Stopping threads took: 0.0000655 seconds
2018-03-06T17:18:42.786+0000: 89.419: Total time for which application threads were stopped: 0.0004075 seconds, Stopping threads took: 0.0000678 seconds
2018-03-06T17:18:42.786+0000: 89.420: Total time for which application threads were stopped: 0.0003306 seconds, Stopping threads took: 0.0000286 seconds
2018-03-06T17:18:42.788+0000: 89.421: Total time for which application threads were stopped: 0.0003900 seconds, Stopping threads took: 0.0001118 seconds
2018-03-06T17:18:42.788+0000: 89.422: Total time for which application threads were stopped: 0.0006454 seconds, Stopping threads took: 0.0000288 seconds
2018-03-06T17:18:42.884+0000: 89.517: Total time for which application threads were stopped: 0.0004034 seconds, Stopping threads took: 0.0000996 seconds
2018-03-06T17:18:42.884+0000: 89.518: Total time for which application threads were stopped: 0.0001951 seconds, Stopping threads took: 0.0000303 seconds
2018-03-06T17:18:42.937+0000: 89.570: Total time for which application threads were stopped: 0.0005164 seconds, Stopping threads took: 0.0001759 seconds
2018-03-06T17:18:43.938+0000: 90.572: Total time for which application threads were stopped: 0.0004710 seconds, Stopping threads took: 0.0001290 seconds
2018-03-06T17:18:44.298+0000: 90.932: Total time for which application threads were stopped: 0.0042016 seconds, Stopping threads took: 0.0038819 seconds
2018-03-06T17:18:44.299+0000: 90.933: Total time for which application threads were stopped: 0.0002068 seconds, Stopping threads took: 0.0000385 seconds
2018-03-06T17:18:44.318+0000: 90.952: Total time for which application threads were stopped: 0.0004535 seconds, Stopping threads took: 0.0001911 seconds
2018-03-06T17:18:44.362+0000: 90.996: Total time for which application threads were stopped: 0.0004154 seconds, Stopping threads took: 0.0001343 seconds
2018-03-06T17:18:44.363+0000: 90.996: Total time for which application threads were stopped: 0.0002839 seconds, Stopping threads took: 0.0000756 seconds
2018-03-06T17:18:44.377+0000: 91.011: Total time for which application threads were stopped: 0.0003726 seconds, Stopping threads took: 0.0000616 seconds
2018-03-06T17:18:44.378+0000: 91.012: Total time for which application threads were stopped: 0.0003301 seconds, Stopping threads took: 0.0000403 seconds
2018-03-06T17:18:44.408+0000: 91.041: Total time for which application threads were stopped: 0.0004411 seconds, Stopping threads took: 0.0000964 seconds
2018-03-06T17:18:44.408+0000: 91.042: Total time for which application threads were stopped: 0.0003165 seconds, Stopping threads took: 0.0000322 seconds
2018-03-06T17:18:44.423+0000: 91.057: Total time for which application threads were stopped: 0.0024007 seconds, Stopping threads took: 0.0020855 seconds
2018-03-06T17:18:44.424+0000: 91.057: Total time for which application threads were stopped: 0.0002400 seconds, Stopping threads took: 0.0000400 seconds
2018-03-06T17:18:44.452+0000: 91.086: Total time for which application threads were stopped: 0.0003155 seconds, Stopping threads took: 0.0000690 seconds
2018-03-06T17:18:44.467+0000: 91.101: Total time for which application threads were stopped: 0.0003211 seconds, Stopping threads took: 0.0000793 seconds
2018-03-06T17:18:44.468+0000: 91.101: Total time for which application threads were stopped: 0.0002361 seconds, Stopping threads took: 0.0000315 seconds
2018-03-06T17:18:44.485+0000: 91.119: Total time for which application threads were stopped: 0.0003184 seconds, Stopping threads took: 0.0000790 seconds
2018-03-06T17:18:44.496+0000: 91.130: Total time for which application threads were stopped: 0.0012338 seconds, Stopping threads took: 0.0009292 seconds
2018-03-06T17:18:44.497+0000: 91.130: Total time for which application threads were stopped: 0.0003030 seconds, Stopping threads took: 0.0000731 seconds
2018-03-06T17:18:44.501+0000: 91.135: Total time for which application threads were stopped: 0.0003964 seconds, Stopping threads took: 0.0001153 seconds
2018-03-06T17:18:45.502+0000: 92.136: Total time for which application threads were stopped: 0.0004004 seconds, Stopping threads took: 0.0000880 seconds
2018-03-06T17:19:16.518+0000: 123.151: Total time for which application threads were stopped: 0.0005567 seconds, Stopping threads took: 0.0000889 seconds
2018-03-06T17:19:25.749+0000: 132.383: Total time for which application threads were stopped: 0.0030755 seconds, Stopping threads took: 0.0027865 seconds
2018-03-06T17:19:25.750+0000: 132.383: Total time for which application threads were stopped: 0.0002347 seconds, Stopping threads took: 0.0000387 seconds
2018-03-06T17:19:25.750+0000: 132.384: Total time for which application threads were stopped: 0.0004108 seconds, Stopping threads took: 0.0001988 seconds
2018-03-06T17:19:25.755+0000: 132.388: Total time for which application threads were stopped: 0.0004413 seconds, Stopping threads took: 0.0000616 seconds
2018-03-06T17:19:25.758+0000: 132.392: Total time for which application threads were stopped: 0.0003472 seconds, Stopping threads took: 0.0000606 seconds
2018-03-06T17:19:25.785+0000: 132.419: Total time for which application threads were stopped: 0.0004282 seconds, Stopping threads took: 0.0001441 seconds
2018-03-06T17:19:25.786+0000: 132.420: Total time for which application threads were stopped: 0.0003034 seconds, Stopping threads took: 0.0000970 seconds
2018-03-06T17:19:25.787+0000: 132.420: Total time for which application threads were stopped: 0.0003152 seconds, Stopping threads took: 0.0000639 seconds
2018-03-06T17:19:25.787+0000: 132.421: Total time for which application threads were stopped: 0.0002834 seconds, Stopping threads took: 0.0000608 seconds
2018-03-06T17:19:25.788+0000: 132.422: Total time for which application threads were stopped: 0.0004000 seconds, Stopping threads took: 0.0000675 seconds
2018-03-06T17:19:25.789+0000: 132.422: Total time for which application threads were stopped: 0.0003138 seconds, Stopping threads took: 0.0000653 seconds
2018-03-06T17:19:25.789+0000: 132.423: Total time for which application threads were stopped: 0.0003501 seconds, Stopping threads took: 0.0000639 seconds
2018-03-06T17:19:25.794+0000: 132.428: Total time for which application threads were stopped: 0.0004155 seconds, Stopping threads took: 0.0001451 seconds
2018-03-06T17:19:25.863+0000: 132.496: Total time for which application threads were stopped: 0.0004297 seconds, Stopping threads took: 0.0001516 seconds
2018-03-06T17:19:25.863+0000: 132.497: Total time for which application threads were stopped: 0.0002907 seconds, Stopping threads took: 0.0000627 seconds
2018-03-06T17:19:25.893+0000: 132.526: Total time for which application threads were stopped: 0.0004472 seconds, Stopping threads took: 0.0000683 seconds
2018-03-06T17:19:25.893+0000: 132.527: Total time for which application threads were stopped: 0.0003129 seconds, Stopping threads took: 0.0000501 seconds
2018-03-06T17:19:25.947+0000: 132.580: Total time for which application threads were stopped: 0.0107031 seconds, Stopping threads took: 0.0096515 seconds
2018-03-06T17:19:25.949+0000: 132.582: Total time for which application threads were stopped: 0.0009443 seconds, Stopping threads took: 0.0005639 seconds
2018-03-06T17:19:26.955+0000: 133.588: Total time for which application threads were stopped: 0.0004337 seconds, Stopping threads took: 0.0000888 seconds
2018-03-06T17:19:29.630+0000: 136.264: Total time for which application threads were stopped: 0.0007858 seconds, Stopping threads took: 0.0000830 seconds
2018-03-06T17:19:29.630+0000: 136.264: Total time for which application threads were stopped: 0.0003438 seconds, Stopping threads took: 0.0000514 seconds
2018-03-06T17:19:29.665+0000: 136.298: Total time for which application threads were stopped: 0.0005076 seconds, Stopping threads took: 0.0001759 seconds
2018-03-06T17:19:29.665+0000: 136.299: Total time for which application threads were stopped: 0.0003232 seconds, Stopping threads took: 0.0000490 seconds
2018-03-06T17:19:32.800+0000: 139.434: Total time for which application threads were stopped: 0.0004038 seconds, Stopping threads took: 0.0000669 seconds
2018-03-06T17:19:32.801+0000: 139.434: Total time for which application threads were stopped: 0.0002486 seconds, Stopping threads took: 0.0000327 seconds
2018-03-06T17:19:32.835+0000: 139.468: Total time for which application threads were stopped: 0.0033236 seconds, Stopping threads took: 0.0029901 seconds
2018-03-06T17:19:32.838+0000: 139.471: Total time for which application threads were stopped: 0.0005739 seconds, Stopping threads took: 0.0000667 seconds
2018-03-06T17:19:33.839+0000: 140.473: Total time for which application threads were stopped: 0.0003325 seconds, Stopping threads took: 0.0001205 seconds
2018-03-06T17:19:35.282+0000: 141.916: Total time for which application threads were stopped: 0.0007535 seconds, Stopping threads took: 0.0000831 seconds
2018-03-06T17:19:35.285+0000: 141.918: Total time for which application threads were stopped: 0.0023812 seconds, Stopping threads took: 0.0000340 seconds
2018-03-06T17:19:35.328+0000: 141.962: Total time for which application threads were stopped: 0.0034399 seconds, Stopping threads took: 0.0022033 seconds
2018-03-06T17:19:35.339+0000: 141.973: Total time for which application threads were stopped: 0.0014195 seconds, Stopping threads took: 0.0002328 seconds
2018-03-06T17:19:35.343+0000: 141.976: Total time for which application threads were stopped: 0.0011159 seconds, Stopping threads took: 0.0000846 seconds
2018-03-06T17:19:36.356+0000: 142.989: Total time for which application threads were stopped: 0.0003741 seconds, Stopping threads took: 0.0000911 seconds
2018-03-06T17:19:43.709+0000: 150.343: Total time for which application threads were stopped: 0.0005498 seconds, Stopping threads took: 0.0000670 seconds
2018-03-06T17:19:43.710+0000: 150.344: Total time for which application threads were stopped: 0.0005584 seconds, Stopping threads took: 0.0000338 seconds
2018-03-06T17:19:43.753+0000: 150.387: Total time for which application threads were stopped: 0.0007251 seconds, Stopping threads took: 0.0003878 seconds
2018-03-06T17:19:43.754+0000: 150.388: Total time for which application threads were stopped: 0.0004517 seconds, Stopping threads took: 0.0000347 seconds
2018-03-06T17:19:43.758+0000: 150.392: Total time for which application threads were stopped: 0.0008963 seconds, Stopping threads took: 0.0003612 seconds
2018-03-06T17:19:43.762+0000: 150.396: Total time for which application threads were stopped: 0.0041281 seconds, Stopping threads took: 0.0032229 seconds
2018-03-06T17:19:43.813+0000: 150.447: Total time for which application threads were stopped: 0.0125400 seconds, Stopping threads took: 0.0114635 seconds
2018-03-06T17:19:43.820+0000: 150.454: Total time for which application threads were stopped: 0.0040267 seconds, Stopping threads took: 0.0024902 seconds
2018-03-06T17:20:03.666+0000: 170.299: Total time for which application threads were stopped: 0.0006845 seconds, Stopping threads took: 0.0001415 seconds
2018-03-06T17:20:03.667+0000: 170.300: Total time for which application threads were stopped: 0.0004329 seconds, Stopping threads took: 0.0001035 seconds
2018-03-06T17:20:04.668+0000: 171.301: Total time for which application threads were stopped: 0.0004274 seconds, Stopping threads took: 0.0001289 seconds
2018-03-06T17:20:15.366+0000: 182.000: Total time for which application threads were stopped: 0.0105275 seconds, Stopping threads took: 0.0100524 seconds
2018-03-06T17:20:15.367+0000: 182.000: Total time for which application threads were stopped: 0.0003526 seconds, Stopping threads took: 0.0000396 seconds
2018-03-06T17:20:15.411+0000: 182.044: Total time for which application threads were stopped: 0.0034122 seconds, Stopping threads took: 0.0028603 seconds
2018-03-06T17:20:15.411+0000: 182.045: Total time for which application threads were stopped: 0.0003102 seconds, Stopping threads took: 0.0000597 seconds
2018-03-06T17:20:15.897+0000: 182.530: Total time for which application threads were stopped: 0.0009491 seconds, Stopping threads took: 0.0002233 seconds
2018-03-06T17:20:15.897+0000: 182.531: Total time for which application threads were stopped: 0.0003406 seconds, Stopping threads took: 0.0000368 seconds
2018-03-06T17:20:15.943+0000: 182.576: Total time for which application threads were stopped: 0.0031348 seconds, Stopping threads took: 0.0026883 seconds
2018-03-06T17:20:15.947+0000: 182.581: Total time for which application threads were stopped: 0.0013665 seconds, Stopping threads took: 0.0000832 seconds
2018-03-06T17:20:16.957+0000: 183.591: Total time for which application threads were stopped: 0.0005067 seconds, Stopping threads took: 0.0001200 seconds
2018-03-06T17:20:29.965+0000: 196.599: Total time for which application threads were stopped: 0.0003462 seconds, Stopping threads took: 0.0001120 seconds
2018-03-06T17:20:34.607+0000: 201.240: Total time for which application threads were stopped: 0.0005068 seconds, Stopping threads took: 0.0001307 seconds
2018-03-06T17:20:34.753+0000: 201.386: Total time for which application threads were stopped: 0.0024966 seconds, Stopping threads took: 0.0020835 seconds
2018-03-06T17:20:34.754+0000: 201.387: Total time for which application threads were stopped: 0.0003556 seconds, Stopping threads took: 0.0000517 seconds
2018-03-06T17:20:34.785+0000: 201.418: Total time for which application threads were stopped: 0.0008353 seconds, Stopping threads took: 0.0003517 seconds
2018-03-06T17:20:34.787+0000: 201.420: Total time for which application threads were stopped: 0.0006105 seconds, Stopping threads took: 0.0001799 seconds
2018-03-06T17:20:35.402+0000: 202.036: Total time for which application threads were stopped: 0.0005832 seconds, Stopping threads took: 0.0001946 seconds
2018-03-06T17:20:35.403+0000: 202.037: Total time for which application threads were stopped: 0.0002947 seconds, Stopping threads took: 0.0000323 seconds
2018-03-06T17:20:35.461+0000: 202.094: Total time for which application threads were stopped: 0.0010472 seconds, Stopping threads took: 0.0007083 seconds
2018-03-06T17:20:35.461+0000: 202.095: Total time for which application threads were stopped: 0.0002815 seconds, Stopping threads took: 0.0000330 seconds
2018-03-06T17:20:36.462+0000: 203.096: Total time for which application threads were stopped: 0.0004767 seconds, Stopping threads took: 0.0001870 seconds
2018-03-06T17:21:35.463+0000: 262.096: Total time for which application threads were stopped: 0.0003722 seconds, Stopping threads took: 0.0001488 seconds
2018-03-06T17:21:39.465+0000: 266.099: Total time for which application threads were stopped: 0.0004007 seconds, Stopping threads took: 0.0001202 seconds
2018-03-06T17:23:40.536+0000: 387.169: Total time for which application threads were stopped: 0.0004784 seconds, Stopping threads took: 0.0001985 seconds
2018-03-06T17:33:31.014+0000: 977.648: Total time for which application threads were stopped: 0.0004325 seconds, Stopping threads took: 0.0001404 seconds
2018-03-06T17:33:32.015+0000: 978.649: Total time for which application threads were stopped: 0.0003751 seconds, Stopping threads took: 0.0000766 seconds
2018-03-06T17:33:33.026+0000: 979.660: Total time for which application threads were stopped: 0.0082646 seconds, Stopping threads took: 0.0076989 seconds
2018-03-06T17:33:34.037+0000: 980.670: Total time for which application threads were stopped: 0.0003042 seconds, Stopping threads took: 0.0000862 seconds
2018-03-06T17:33:35.565+0000: 982.198: Total time for which application threads were stopped: 0.0004327 seconds, Stopping threads took: 0.0001050 seconds
2018-03-06T17:33:35.567+0000: 982.200: Total time for which application threads were stopped: 0.0008759 seconds, Stopping threads took: 0.0001089 seconds
2018-03-06T17:33:35.644+0000: 982.278: Total time for which application threads were stopped: 0.0102647 seconds, Stopping threads took: 0.0097461 seconds
2018-03-06T17:33:35.670+0000: 982.304: Total time for which application threads were stopped: 0.0004898 seconds, Stopping threads took: 0.0001150 seconds
2018-03-06T17:33:36.678+0000: 983.312: Total time for which application threads were stopped: 0.0071400 seconds, Stopping threads took: 0.0062029 seconds
2018-03-06T17:33:37.702+0000: 984.335: Total time for which application threads were stopped: 0.0019800 seconds, Stopping threads took: 0.0012650 seconds
2018-03-06T17:33:38.703+0000: 985.336: Total time for which application threads were stopped: 0.0002948 seconds, Stopping threads took: 0.0000881 seconds
2018-03-06T17:33:39.437+0000: 986.070: Total time for which application threads were stopped: 0.0004340 seconds, Stopping threads took: 0.0000644 seconds
2018-03-06T17:33:39.437+0000: 986.071: Total time for which application threads were stopped: 0.0004103 seconds, Stopping threads took: 0.0000301 seconds
2018-03-06T17:33:39.472+0000: 986.106: Total time for which application threads were stopped: 0.0006539 seconds, Stopping threads took: 0.0001034 seconds
2018-03-06T17:33:39.473+0000: 986.106: Total time for which application threads were stopped: 0.0003439 seconds, Stopping threads took: 0.0000311 seconds
2018-03-06T17:33:40.474+0000: 987.107: Total time for which application threads were stopped: 0.0003678 seconds, Stopping threads took: 0.0001605 seconds
2018-03-06T17:33:46.478+0000: 993.111: Total time for which application threads were stopped: 0.0004322 seconds, Stopping threads took: 0.0000851 seconds
2018-03-06T17:33:48.483+0000: 995.116: Total time for which application threads were stopped: 0.0003632 seconds, Stopping threads took: 0.0001063 seconds
2018-03-06T17:33:48.501+0000: 995.135: Total time for which application threads were stopped: 0.0004554 seconds, Stopping threads took: 0.0000549 seconds
2018-03-06T17:33:48.502+0000: 995.135: Total time for which application threads were stopped: 0.0006029 seconds, Stopping threads took: 0.0000977 seconds
2018-03-06T17:33:48.570+0000: 995.204: Total time for which application threads were stopped: 0.0005257 seconds, Stopping threads took: 0.0001231 seconds
2018-03-06T17:33:48.586+0000: 995.220: Total time for which application threads were stopped: 0.0149803 seconds, Stopping threads took: 0.0001269 seconds
2018-03-06T17:33:48.587+0000: 995.220: Total time for which application threads were stopped: 0.0004411 seconds, Stopping threads took: 0.0001103 seconds
2018-03-06T17:33:48.636+0000: 995.270: Total time for which application threads were stopped: 0.0007756 seconds, Stopping threads took: 0.0002717 seconds
2018-03-06T17:33:48.637+0000: 995.271: Total time for which application threads were stopped: 0.0003993 seconds, Stopping threads took: 0.0000361 seconds
2018-03-06T17:33:48.639+0000: 995.272: Total time for which application threads were stopped: 0.0004253 seconds, Stopping threads took: 0.0000465 seconds
2018-03-06T17:33:48.640+0000: 995.273: Total time for which application threads were stopped: 0.0004051 seconds, Stopping threads took: 0.0001255 seconds
2018-03-06T17:33:48.641+0000: 995.274: Total time for which application threads were stopped: 0.0006434 seconds, Stopping threads took: 0.0003755 seconds
2018-03-06T17:33:49.642+0000: 996.276: Total time for which application threads were stopped: 0.0006461 seconds, Stopping threads took: 0.0001210 seconds
2018-03-06T17:34:03.183+0000: 1009.816: Total time for which application threads were stopped: 0.0029460 seconds, Stopping threads took: 0.0000831 seconds
2018-03-06T17:34:03.184+0000: 1009.818: Total time for which application threads were stopped: 0.0008411 seconds, Stopping threads took: 0.0000328 seconds
2018-03-06T17:34:03.214+0000: 1009.848: Total time for which application threads were stopped: 0.0006688 seconds, Stopping threads took: 0.0001380 seconds
2018-03-06T17:34:03.215+0000: 1009.848: Total time for which application threads were stopped: 0.0003547 seconds, Stopping threads took: 0.0000968 seconds
2018-03-06T17:34:13.220+0000: 1019.854: Total time for which application threads were stopped: 0.0003167 seconds, Stopping threads took: 0.0000894 seconds
2018-03-06T17:34:18.181+0000: 1024.815: Total time for which application threads were stopped: 0.0004899 seconds, Stopping threads took: 0.0000579 seconds
2018-03-06T17:34:18.182+0000: 1024.816: Total time for which application threads were stopped: 0.0008604 seconds, Stopping threads took: 0.0000330 seconds
2018-03-06T17:34:18.215+0000: 1024.853: Total time for which application threads were stopped: 0.0069934 seconds, Stopping threads took: 0.0001505 seconds
2018-03-06T17:34:18.223+0000: 1024.857: Total time for which application threads were stopped: 0.0025828 seconds, Stopping threads took: 0.0004278 seconds
2018-03-06T17:34:18.225+0000: 1024.858: Total time for which application threads were stopped: 0.0007766 seconds, Stopping threads took: 0.0000556 seconds
2018-03-06T17:34:18.797+0000: 1025.430: Total time for which application threads were stopped: 0.0005554 seconds, Stopping threads took: 0.0001615 seconds
2018-03-06T17:34:18.799+0000: 1025.433: Total time for which application threads were stopped: 0.0005509 seconds, Stopping threads took: 0.0000727 seconds
2018-03-06T17:34:18.856+0000: 1025.490: Total time for which application threads were stopped: 0.0005123 seconds, Stopping threads took: 0.0000760 seconds
2018-03-06T17:34:18.857+0000: 1025.490: Total time for which application threads were stopped: 0.0003744 seconds, Stopping threads took: 0.0000490 seconds
2018-03-06T17:34:22.638+0000: 1029.271: Total time for which application threads were stopped: 0.0005315 seconds, Stopping threads took: 0.0001494 seconds
2018-03-06T17:34:22.664+0000: 1029.298: Total time for which application threads were stopped: 0.0109392 seconds, Stopping threads took: 0.0106491 seconds
2018-03-06T17:34:22.691+0000: 1029.324: Total time for which application threads were stopped: 0.0003326 seconds, Stopping threads took: 0.0001241 seconds
2018-03-06T17:34:22.695+0000: 1029.328: Total time for which application threads were stopped: 0.0004179 seconds, Stopping threads took: 0.0001906 seconds
2018-03-06T17:34:22.695+0000: 1029.329: Total time for which application threads were stopped: 0.0003592 seconds, Stopping threads took: 0.0001730 seconds
2018-03-06T17:34:22.696+0000: 1029.329: Total time for which application threads were stopped: 0.0002230 seconds, Stopping threads took: 0.0000882 seconds
2018-03-06T17:34:22.696+0000: 1029.330: Total time for which application threads were stopped: 0.0003609 seconds, Stopping threads took: 0.0001964 seconds
2018-03-06T17:34:22.697+0000: 1029.331: Total time for which application threads were stopped: 0.0003185 seconds, Stopping threads took: 0.0000906 seconds
2018-03-06T17:34:22.704+0000: 1029.338: Total time for which application threads were stopped: 0.0066341 seconds, Stopping threads took: 0.0000913 seconds
2018-03-06T17:34:22.767+0000: 1029.400: Total time for which application threads were stopped: 0.0004515 seconds, Stopping threads took: 0.0001415 seconds
2018-03-06T17:34:22.767+0000: 1029.401: Total time for which application threads were stopped: 0.0004388 seconds, Stopping threads took: 0.0002377 seconds
2018-03-06T17:34:22.807+0000: 1029.443: Total time for which application threads were stopped: 0.0035996 seconds, Stopping threads took: 0.0001564 seconds
2018-03-06T17:34:22.853+0000: 1029.487: Total time for which application threads were stopped: 0.0034154 seconds, Stopping threads took: 0.0023393 seconds
2018-03-06T17:34:23.540+0000: 1030.174: Total time for which application threads were stopped: 0.0005042 seconds, Stopping threads took: 0.0000630 seconds
2018-03-06T17:34:23.541+0000: 1030.174: Total time for which application threads were stopped: 0.0002718 seconds, Stopping threads took: 0.0000305 seconds
2018-03-06T17:34:23.572+0000: 1030.206: Total time for which application threads were stopped: 0.0003774 seconds, Stopping threads took: 0.0000854 seconds
2018-03-06T17:34:23.573+0000: 1030.207: Total time for which application threads were stopped: 0.0002816 seconds, Stopping threads took: 0.0000332 seconds
2018-03-06T17:34:24.327+0000: 1030.961: Total time for which application threads were stopped: 0.0008421 seconds, Stopping threads took: 0.0001947 seconds
2018-03-06T17:34:24.328+0000: 1030.962: Total time for which application threads were stopped: 0.0011430 seconds, Stopping threads took: 0.0000360 seconds
2018-03-06T17:34:24.370+0000: 1031.004: Total time for which application threads were stopped: 0.0012819 seconds, Stopping threads took: 0.0008600 seconds
2018-03-06T17:34:24.371+0000: 1031.005: Total time for which application threads were stopped: 0.0004746 seconds, Stopping threads took: 0.0000499 seconds
2018-03-06T17:34:26.972+0000: 1033.605: Total time for which application threads were stopped: 0.0003760 seconds, Stopping threads took: 0.0001290 seconds
2018-03-06T17:34:26.982+0000: 1033.616: Total time for which application threads were stopped: 0.0005442 seconds, Stopping threads took: 0.0002416 seconds
2018-03-06T17:34:26.983+0000: 1033.616: Total time for which application threads were stopped: 0.0002890 seconds, Stopping threads took: 0.0001142 seconds
2018-03-06T17:34:26.983+0000: 1033.617: Total time for which application threads were stopped: 0.0003720 seconds, Stopping threads took: 0.0000882 seconds
2018-03-06T17:34:26.984+0000: 1033.618: Total time for which application threads were stopped: 0.0003033 seconds, Stopping threads took: 0.0000951 seconds
2018-03-06T17:34:26.985+0000: 1033.618: Total time for which application threads were stopped: 0.0002900 seconds, Stopping threads took: 0.0000931 seconds
2018-03-06T17:34:26.985+0000: 1033.619: Total time for which application threads were stopped: 0.0002529 seconds, Stopping threads took: 0.0000912 seconds
2018-03-06T17:34:27.042+0000: 1033.676: Total time for which application threads were stopped: 0.0004528 seconds, Stopping threads took: 0.0001600 seconds
2018-03-06T17:34:27.044+0000: 1033.677: Total time for which application threads were stopped: 0.0005637 seconds, Stopping threads took: 0.0002402 seconds
2018-03-06T17:34:27.125+0000: 1033.759: Total time for which application threads were stopped: 0.0004564 seconds, Stopping threads took: 0.0001392 seconds
2018-03-06T17:34:27.598+0000: 1034.231: Total time for which application threads were stopped: 0.0008441 seconds, Stopping threads took: 0.0001862 seconds
2018-03-06T17:34:27.599+0000: 1034.233: Total time for which application threads were stopped: 0.0008652 seconds, Stopping threads took: 0.0003660 seconds
2018-03-06T17:34:27.691+0000: 1034.331: Total time for which application threads were stopped: 0.0162492 seconds, Stopping threads took: 0.0090460 seconds
2018-03-06T17:34:27.703+0000: 1034.336: Total time for which application threads were stopped: 0.0006359 seconds, Stopping threads took: 0.0002499 seconds
2018-03-06T17:34:28.246+0000: 1034.880: Total time for which application threads were stopped: 0.0004814 seconds, Stopping threads took: 0.0000579 seconds
2018-03-06T17:34:28.247+0000: 1034.880: Total time for which application threads were stopped: 0.0003359 seconds, Stopping threads took: 0.0000318 seconds
2018-03-06T17:34:28.257+0000: 1034.891: Total time for which application threads were stopped: 0.0012830 seconds, Stopping threads took: 0.0009362 seconds
2018-03-06T17:34:28.258+0000: 1034.892: Total time for which application threads were stopped: 0.0005833 seconds, Stopping threads took: 0.0000321 seconds
2018-03-06T17:34:29.259+0000: 1035.893: Total time for which application threads were stopped: 0.0003828 seconds, Stopping threads took: 0.0001077 seconds
2018-03-06T17:34:41.143+0000: 1047.776: Total time for which application threads were stopped: 0.0029134 seconds, Stopping threads took: 0.0013476 seconds
2018-03-06T17:34:41.144+0000: 1047.777: Total time for which application threads were stopped: 0.0004340 seconds, Stopping threads took: 0.0000544 seconds
2018-03-06T17:34:41.211+0000: 1047.845: Total time for which application threads were stopped: 0.0063972 seconds, Stopping threads took: 0.0060191 seconds
2018-03-06T17:34:41.235+0000: 1047.868: Total time for which application threads were stopped: 0.0013366 seconds, Stopping threads took: 0.0010042 seconds
2018-03-06T17:35:05.302+0000: 1071.936: Total time for which application threads were stopped: 0.0015021 seconds, Stopping threads took: 0.0001348 seconds
2018-03-06T17:35:05.314+0000: 1071.947: Total time for which application threads were stopped: 0.0007538 seconds, Stopping threads took: 0.0001436 seconds
2018-03-06T17:35:05.323+0000: 1071.957: Total time for which application threads were stopped: 0.0005095 seconds, Stopping threads took: 0.0001925 seconds
2018-03-06T17:35:05.394+0000: 1072.028: Total time for which application threads were stopped: 0.0005817 seconds, Stopping threads took: 0.0003039 seconds
2018-03-06T17:35:05.398+0000: 1072.032: Total time for which application threads were stopped: 0.0004274 seconds, Stopping threads took: 0.0001333 seconds
2018-03-06T17:35:05.459+0000: 1072.092: Total time for which application threads were stopped: 0.0075048 seconds, Stopping threads took: 0.0072635 seconds
2018-03-06T17:35:05.470+0000: 1072.104: Total time for which application threads were stopped: 0.0075906 seconds, Stopping threads took: 0.0073635 seconds
2018-03-06T17:35:05.471+0000: 1072.104: Total time for which application threads were stopped: 0.0001380 seconds, Stopping threads took: 0.0000291 seconds
2018-03-06T17:35:05.494+0000: 1072.127: Total time for which application threads were stopped: 0.0003550 seconds, Stopping threads took: 0.0001217 seconds
2018-03-06T17:35:05.494+0000: 1072.128: Total time for which application threads were stopped: 0.0002404 seconds, Stopping threads took: 0.0000762 seconds
2018-03-06T17:35:05.498+0000: 1072.132: Total time for which application threads were stopped: 0.0024221 seconds, Stopping threads took: 0.0021785 seconds
2018-03-06T17:35:05.500+0000: 1072.134: Total time for which application threads were stopped: 0.0003431 seconds, Stopping threads took: 0.0001220 seconds
2018-03-06T17:35:05.500+0000: 1072.134: Total time for which application threads were stopped: 0.0002449 seconds, Stopping threads took: 0.0000648 seconds
2018-03-06T17:35:05.501+0000: 1072.135: Total time for which application threads were stopped: 0.0002537 seconds, Stopping threads took: 0.0000840 seconds
2018-03-06T17:35:05.502+0000: 1072.135: Total time for which application threads were stopped: 0.0001990 seconds, Stopping threads took: 0.0000647 seconds
2018-03-06T17:35:05.502+0000: 1072.136: Total time for which application threads were stopped: 0.0002081 seconds, Stopping threads took: 0.0000420 seconds
2018-03-06T17:35:05.503+0000: 1072.136: Total time for which application threads were stopped: 0.0002082 seconds, Stopping threads took: 0.0000693 seconds
2018-03-06T17:35:05.503+0000: 1072.137: Total time for which application threads were stopped: 0.0001424 seconds, Stopping threads took: 0.0000251 seconds
2018-03-06T17:35:05.504+0000: 1072.138: Total time for which application threads were stopped: 0.0002447 seconds, Stopping threads took: 0.0000507 seconds
2018-03-06T17:35:05.505+0000: 1072.138: Total time for which application threads were stopped: 0.0001744 seconds, Stopping threads took: 0.0000334 seconds
2018-03-06T17:35:05.505+0000: 1072.139: Total time for which application threads were stopped: 0.0001687 seconds, Stopping threads took: 0.0000318 seconds
2018-03-06T17:35:05.514+0000: 1072.148: Total time for which application threads were stopped: 0.0036762 seconds, Stopping threads took: 0.0033464 seconds
2018-03-06T17:35:05.518+0000: 1072.152: Total time for which application threads were stopped: 0.0011094 seconds, Stopping threads took: 0.0000564 seconds
2018-03-06T17:35:05.519+0000: 1072.152: Total time for which application threads were stopped: 0.0002446 seconds, Stopping threads took: 0.0000718 seconds
2018-03-06T17:35:05.522+0000: 1072.155: Total time for which application threads were stopped: 0.0002455 seconds, Stopping threads took: 0.0000545 seconds
2018-03-06T17:35:05.523+0000: 1072.157: Total time for which application threads were stopped: 0.0003961 seconds, Stopping threads took: 0.0000487 seconds
2018-03-06T17:35:05.524+0000: 1072.158: Total time for which application threads were stopped: 0.0002344 seconds, Stopping threads took: 0.0000464 seconds
2018-03-06T17:35:05.526+0000: 1072.160: Total time for which application threads were stopped: 0.0003945 seconds, Stopping threads took: 0.0000515 seconds
2018-03-06T17:35:05.531+0000: 1072.164: Total time for which application threads were stopped: 0.0008083 seconds, Stopping threads took: 0.0005933 seconds
2018-03-06T17:35:05.647+0000: 1072.280: Total time for which application threads were stopped: 0.0004131 seconds, Stopping threads took: 0.0001545 seconds
2018-03-06T17:35:05.647+0000: 1072.281: Total time for which application threads were stopped: 0.0002829 seconds, Stopping threads took: 0.0001115 seconds
2018-03-06T17:35:05.687+0000: 1072.320: Total time for which application threads were stopped: 0.0089208 seconds, Stopping threads took: 0.0086167 seconds
2018-03-06T17:35:05.688+0000: 1072.321: Total time for which application threads were stopped: 0.0002932 seconds, Stopping threads took: 0.0000485 seconds
2018-03-06T17:35:05.694+0000: 1072.328: Total time for which application threads were stopped: 0.0004597 seconds, Stopping threads took: 0.0000865 seconds
2018-03-06T17:35:05.697+0000: 1072.330: Total time for which application threads were stopped: 0.0002834 seconds, Stopping threads took: 0.0000482 seconds
2018-03-06T17:35:05.723+0000: 1072.357: Total time for which application threads were stopped: 0.0102269 seconds, Stopping threads took: 0.0097283 seconds
2018-03-06T17:35:05.769+0000: 1072.402: Total time for which application threads were stopped: 0.0017905 seconds, Stopping threads took: 0.0011782 seconds
2018-03-06T17:35:05.771+0000: 1072.405: Total time for which application threads were stopped: 0.0005216 seconds, Stopping threads took: 0.0001721 seconds
2018-03-06T17:35:05.773+0000: 1072.406: Total time for which application threads were stopped: 0.0005214 seconds, Stopping threads took: 0.0001245 seconds
2018-03-06T17:35:05.796+0000: 1072.429: Total time for which application threads were stopped: 0.0014069 seconds, Stopping threads took: 0.0011034 seconds
2018-03-06T17:35:05.806+0000: 1072.440: Total time for which application threads were stopped: 0.0009935 seconds, Stopping threads took: 0.0001037 seconds
2018-03-06T17:35:05.812+0000: 1072.445: Total time for which application threads were stopped: 0.0004686 seconds, Stopping threads took: 0.0001537 seconds
2018-03-06T17:35:05.813+0000: 1072.446: Total time for which application threads were stopped: 0.0004954 seconds, Stopping threads took: 0.0001191 seconds
2018-03-06T17:35:05.814+0000: 1072.448: Total time for which application threads were stopped: 0.0005537 seconds, Stopping threads took: 0.0003098 seconds
2018-03-06T17:35:05.815+0000: 1072.449: Total time for which application threads were stopped: 0.0002939 seconds, Stopping threads took: 0.0001258 seconds
2018-03-06T17:35:05.816+0000: 1072.449: Total time for which application threads were stopped: 0.0003235 seconds, Stopping threads took: 0.0001183 seconds
2018-03-06T17:35:05.816+0000: 1072.450: Total time for which application threads were stopped: 0.0002555 seconds, Stopping threads took: 0.0001088 seconds
2018-03-06T17:35:05.817+0000: 1072.450: Total time for which application threads were stopped: 0.0001920 seconds, Stopping threads took: 0.0000430 seconds
2018-03-06T17:35:05.817+0000: 1072.451: Total time for which application threads were stopped: 0.0001577 seconds, Stopping threads took: 0.0000249 seconds
2018-03-06T17:35:05.818+0000: 1072.452: Total time for which application threads were stopped: 0.0004516 seconds, Stopping threads took: 0.0000244 seconds
2018-03-06T17:35:05.819+0000: 1072.452: Total time for which application threads were stopped: 0.0002275 seconds, Stopping threads took: 0.0000275 seconds
2018-03-06T17:35:05.824+0000: 1072.458: Total time for which application threads were stopped: 0.0004521 seconds, Stopping threads took: 0.0001657 seconds
2018-03-06T17:35:05.831+0000: 1072.464: Total time for which application threads were stopped: 0.0003663 seconds, Stopping threads took: 0.0001341 seconds
2018-03-06T17:35:05.852+0000: 1072.485: Total time for which application threads were stopped: 0.0003014 seconds, Stopping threads took: 0.0001365 seconds
2018-03-06T17:35:05.852+0000: 1072.486: Total time for which application threads were stopped: 0.0003603 seconds, Stopping threads took: 0.0002201 seconds
2018-03-06T17:35:05.855+0000: 1072.488: Total time for which application threads were stopped: 0.0014032 seconds, Stopping threads took: 0.0012180 seconds
Heap
 par new generation   total 109248K, used 106659K [0x00000000e0000000, 0x00000000e8000000, 0x00000000e8000000)
  eden space 87424K,  98% used [0x00000000e0000000, 0x00000000e5446ed8, 0x00000000e5560000)
  from space 21824K,  93% used [0x00000000e5560000, 0x00000000e6941d50, 0x00000000e6ab0000)
  to   space 21824K,   0% used [0x00000000e6ab0000, 0x00000000e6ab0000, 0x00000000e8000000)
 concurrent mark-sweep generation total 393216K, used 10723K [0x00000000e8000000, 0x0000000100000000, 0x0000000100000000)
 Metaspace       used 35206K, capacity 36510K, committed 36676K, reserved 1081344K
  class space    used 4126K, capacity 4437K, committed 4448K, reserved 1048576K
